Archive member included to satisfy reference by file (symbol)

/usr/lib/gcc/arm-none-eabi/10.3.1/../../../arm-none-eabi/lib/thumb/v7e-m+fp/hard/libc_nano.a(lib_a-atexit.o)
                              /usr/lib/gcc/arm-none-eabi/10.3.1/../../../arm-none-eabi/lib/thumb/v7e-m+fp/hard/crt0.o (atexit)
/usr/lib/gcc/arm-none-eabi/10.3.1/../../../arm-none-eabi/lib/thumb/v7e-m+fp/hard/libc_nano.a(lib_a-errno.o)
                              build/sysmem.o (__errno)
/usr/lib/gcc/arm-none-eabi/10.3.1/../../../arm-none-eabi/lib/thumb/v7e-m+fp/hard/libc_nano.a(lib_a-exit.o)
                              /usr/lib/gcc/arm-none-eabi/10.3.1/../../../arm-none-eabi/lib/thumb/v7e-m+fp/hard/crt0.o (exit)
/usr/lib/gcc/arm-none-eabi/10.3.1/../../../arm-none-eabi/lib/thumb/v7e-m+fp/hard/libc_nano.a(lib_a-fini.o)
                              /usr/lib/gcc/arm-none-eabi/10.3.1/../../../arm-none-eabi/lib/thumb/v7e-m+fp/hard/crt0.o (__libc_fini_array)
/usr/lib/gcc/arm-none-eabi/10.3.1/../../../arm-none-eabi/lib/thumb/v7e-m+fp/hard/libc_nano.a(lib_a-impure.o)
                              /usr/lib/gcc/arm-none-eabi/10.3.1/../../../arm-none-eabi/lib/thumb/v7e-m+fp/hard/libc_nano.a(lib_a-exit.o) (_global_impure_ptr)
/usr/lib/gcc/arm-none-eabi/10.3.1/../../../arm-none-eabi/lib/thumb/v7e-m+fp/hard/libc_nano.a(lib_a-init.o)
                              /usr/lib/gcc/arm-none-eabi/10.3.1/../../../arm-none-eabi/lib/thumb/v7e-m+fp/hard/crt0.o (__libc_init_array)
/usr/lib/gcc/arm-none-eabi/10.3.1/../../../arm-none-eabi/lib/thumb/v7e-m+fp/hard/libc_nano.a(lib_a-memcpy.o)
                              build/queue.o (memcpy)
/usr/lib/gcc/arm-none-eabi/10.3.1/../../../arm-none-eabi/lib/thumb/v7e-m+fp/hard/libc_nano.a(lib_a-memset.o)
                              /usr/lib/gcc/arm-none-eabi/10.3.1/../../../arm-none-eabi/lib/thumb/v7e-m+fp/hard/crt0.o (memset)
/usr/lib/gcc/arm-none-eabi/10.3.1/../../../arm-none-eabi/lib/thumb/v7e-m+fp/hard/libc_nano.a(lib_a-__atexit.o)
                              /usr/lib/gcc/arm-none-eabi/10.3.1/../../../arm-none-eabi/lib/thumb/v7e-m+fp/hard/libc_nano.a(lib_a-atexit.o) (__register_exitproc)
/usr/lib/gcc/arm-none-eabi/10.3.1/../../../arm-none-eabi/lib/thumb/v7e-m+fp/hard/libc_nano.a(lib_a-__call_atexit.o)
                              /usr/lib/gcc/arm-none-eabi/10.3.1/../../../arm-none-eabi/lib/thumb/v7e-m+fp/hard/libc_nano.a(lib_a-__atexit.o) (__call_exitprocs)
/usr/lib/gcc/arm-none-eabi/10.3.1/../../../arm-none-eabi/lib/thumb/v7e-m+fp/hard/libm.a(lib_a-sf_sin.o)
                              build/main.o (sinf)
/usr/lib/gcc/arm-none-eabi/10.3.1/../../../arm-none-eabi/lib/thumb/v7e-m+fp/hard/libm.a(lib_a-wf_sqrt.o)
                              build/math_ops.o (sqrtf)
/usr/lib/gcc/arm-none-eabi/10.3.1/../../../arm-none-eabi/lib/thumb/v7e-m+fp/hard/libm.a(lib_a-ef_rem_pio2.o)
                              /usr/lib/gcc/arm-none-eabi/10.3.1/../../../arm-none-eabi/lib/thumb/v7e-m+fp/hard/libm.a(lib_a-sf_sin.o) (__ieee754_rem_pio2f)
/usr/lib/gcc/arm-none-eabi/10.3.1/../../../arm-none-eabi/lib/thumb/v7e-m+fp/hard/libm.a(lib_a-ef_sqrt.o)
                              /usr/lib/gcc/arm-none-eabi/10.3.1/../../../arm-none-eabi/lib/thumb/v7e-m+fp/hard/libm.a(lib_a-wf_sqrt.o) (__ieee754_sqrtf)
/usr/lib/gcc/arm-none-eabi/10.3.1/../../../arm-none-eabi/lib/thumb/v7e-m+fp/hard/libm.a(lib_a-kf_cos.o)
                              /usr/lib/gcc/arm-none-eabi/10.3.1/../../../arm-none-eabi/lib/thumb/v7e-m+fp/hard/libm.a(lib_a-sf_sin.o) (__kernel_cosf)
/usr/lib/gcc/arm-none-eabi/10.3.1/../../../arm-none-eabi/lib/thumb/v7e-m+fp/hard/libm.a(lib_a-kf_rem_pio2.o)
                              /usr/lib/gcc/arm-none-eabi/10.3.1/../../../arm-none-eabi/lib/thumb/v7e-m+fp/hard/libm.a(lib_a-ef_rem_pio2.o) (__kernel_rem_pio2f)
/usr/lib/gcc/arm-none-eabi/10.3.1/../../../arm-none-eabi/lib/thumb/v7e-m+fp/hard/libm.a(lib_a-kf_sin.o)
                              /usr/lib/gcc/arm-none-eabi/10.3.1/../../../arm-none-eabi/lib/thumb/v7e-m+fp/hard/libm.a(lib_a-sf_sin.o) (__kernel_sinf)
/usr/lib/gcc/arm-none-eabi/10.3.1/../../../arm-none-eabi/lib/thumb/v7e-m+fp/hard/libm.a(lib_a-s_lib_ver.o)
                              /usr/lib/gcc/arm-none-eabi/10.3.1/../../../arm-none-eabi/lib/thumb/v7e-m+fp/hard/libm.a(lib_a-wf_sqrt.o) (__fdlib_version)
/usr/lib/gcc/arm-none-eabi/10.3.1/../../../arm-none-eabi/lib/thumb/v7e-m+fp/hard/libm.a(lib_a-sf_fabs.o)
                              /usr/lib/gcc/arm-none-eabi/10.3.1/../../../arm-none-eabi/lib/thumb/v7e-m+fp/hard/libm.a(lib_a-ef_rem_pio2.o) (fabsf)
/usr/lib/gcc/arm-none-eabi/10.3.1/../../../arm-none-eabi/lib/thumb/v7e-m+fp/hard/libm.a(lib_a-sf_floor.o)
                              /usr/lib/gcc/arm-none-eabi/10.3.1/../../../arm-none-eabi/lib/thumb/v7e-m+fp/hard/libm.a(lib_a-kf_rem_pio2.o) (floorf)
/usr/lib/gcc/arm-none-eabi/10.3.1/../../../arm-none-eabi/lib/thumb/v7e-m+fp/hard/libm.a(lib_a-sf_scalbn.o)
[...]
Memory Configuration

Name             Origin             Length             Attributes
RAM              0x0000000020000000 0x0000000000020000 xrw
CCMRAM           0x0000000010000000 0x0000000000010000 xrw
FLASH            0x0000000008000000 0x0000000000100000 xr
*default*        0x0000000000000000 0xffffffffffffffff

Linker script and memory map

LOAD /usr/lib/gcc/arm-none-eabi/10.3.1/thumb/v7e-m+fp/hard/crti.o
LOAD /usr/lib/gcc/arm-none-eabi/10.3.1/thumb/v7e-m+fp/hard/crtbegin.o
LOAD /usr/lib/gcc/arm-none-eabi/10.3.1/../../../arm-none-eabi/lib/thumb/v7e-m+fp/hard/crt0.o
LOAD build/main.o
LOAD build/stm32f4xx_it.o
LOAD build/stm32f4xx_hal_msp.o
LOAD build/stm32f4xx_hal_can.o
LOAD build/stm32f4xx_hal_rcc.o
LOAD build/stm32f4xx_hal_rcc_ex.o
LOAD build/stm32f4xx_hal_flash.o
LOAD build/stm32f4xx_hal_flash_ex.o
LOAD build/stm32f4xx_hal_flash_ramfunc.o
LOAD build/stm32f4xx_hal_gpio.o
LOAD build/stm32f4xx_hal_dma_ex.o
LOAD build/stm32f4xx_hal_dma.o
LOAD build/stm32f4xx_hal_pwr.o
LOAD build/stm32f4xx_hal_pwr_ex.o
LOAD build/stm32f4xx_hal_cortex.o
LOAD build/stm32f4xx_hal.o
LOAD build/stm32f4xx_hal_exti.o
LOAD build/system_stm32f4xx.o
LOAD build/sysmem.o
LOAD build/syscalls.o
LOAD build/freertos.o
LOAD build/stm32f4xx_hal_timebase_tim.o
LOAD build/stm32f4xx_hal_tim.o
LOAD build/stm32f4xx_hal_tim_ex.o
LOAD build/croutine.o
LOAD build/event_groups.o
LOAD build/list.o
LOAD build/queue.o
LOAD build/stream_buffer.o
LOAD build/tasks.o
LOAD build/timers.o
LOAD build/cmsis_os2.o
LOAD build/heap_4.o
LOAD build/port.o
LOAD build/can.o
LOAD build/math_ops.o
LOAD build/startup_stm32f405xx.o
LOAD /usr/lib/gcc/arm-none-eabi/10.3.1/../../../arm-none-eabi/lib/thumb/v7e-m+fp/hard/libc_nano.a
LOAD /usr/lib/gcc/arm-none-eabi/10.3.1/../../../arm-none-eabi/lib/thumb/v7e-m+fp/hard/libm.a
LOAD /usr/lib/gcc/arm-none-eabi/10.3.1/../../../arm-none-eabi/lib/thumb/v7e-m+fp/hard/libnosys.a
START GROUP
LOAD /usr/lib/gcc/arm-none-eabi/10.3.1/thumb/v7e-m+fp/hard/libgcc.a
LOAD /usr/lib/gcc/arm-none-eabi/10.3.1/../../../arm-none-eabi/lib/thumb/v7e-m+fp/hard/libc_nano.a
END GROUP
START GROUP
LOAD /usr/lib/gcc/arm-none-eabi/10.3.1/thumb/v7e-m+fp/hard/libgcc.a
LOAD /usr/lib/gcc/arm-none-eabi/10.3.1/../../../arm-none-eabi/lib/thumb/v7e-m+fp/hard/libc_nano.a
END GROUP
LOAD /usr/lib/gcc/arm-none-eabi/10.3.1/thumb/v7e-m+fp/hard/crtend.o
LOAD /usr/lib/gcc/arm-none-eabi/10.3.1/thumb/v7e-m+fp/hard/crtn.o
                0x0000000020020000                _estack = (ORIGIN (RAM) + LENGTH (RAM))
                0x000000002001fc00                _sstack = (_estack - _Min_Stack_Size)
                0x0000000000000200                _Min_Heap_Size = 0x200
                0x0000000000000400                _Min_Stack_Size = 0x400

.isr_vector     0x0000000008000000      0x188
                0x0000000008000000                . = ALIGN (0x4)
 *(.isr_vector)
 .isr_vector    0x0000000008000000      0x188 build/startup_stm32f405xx.o
                0x0000000008000000                g_pfnVectors
                0x0000000008000188                . = ALIGN (0x4)

.text           0x0000000008000190     0x536c
                0x0000000008000190                . = ALIGN (0x4)
 *(.text)
 .text          0x0000000008000190       0x88 /usr/lib/gcc/arm-none-eabi/10.3.1/thumb/v7e-m+fp/hard/crtbegin.o
 .text          0x0000000008000218       0x48 /usr/lib/gcc/arm-none-eabi/10.3.1/../../../arm-none-eabi/lib/thumb/v7e-m+fp/hard/libc_nano.a(lib_a-init.o)
                0x0000000008000218                __libc_init_array
 .text          0x0000000008000260      0x134 /usr/lib/gcc/arm-none-eabi/10.3.1/../../../arm-none-eabi/lib/thumb/v7e-m+fp/hard/libc_nano.a(lib_a-memcpy.o)
                0x0000000008000260                memcpy
 .text          0x0000000008000394       0xa4 /usr/lib/gcc/arm-none-eabi/10.3.1/../../../arm-none-eabi/lib/thumb/v7e-m+fp/hard/libc_nano.a(lib_a-memset.o)
                0x0000000008000394                memset
 .text          0x0000000008000438       0x74 /usr/lib/gcc/arm-none-eabi/10.3.1/../../../arm-none-eabi/lib/thumb/v7e-m+fp/hard/libm.a(lib_a-sf_sin.o)
                0x0000000008000438                sinf
 .text          0x00000000080004ac      0x264 /usr/lib/gcc/arm-none-eabi/10.3.1/../../../arm-none-eabi/lib/thumb/v7e-m+fp/hard/libm.a(lib_a-ef_rem_pio2.o)
                0x00000000080004ac                __ieee754_rem_pio2f
 .text          0x0000000008000710      0x104 /usr/lib/gcc/arm-none-eabi/10.3.1/../../../arm-none-eabi/lib/thumb/v7e-m+fp/hard/libm.a(lib_a-kf_cos.o)
                0x0000000008000710                __kernel_cosf
 .text          0x0000000008000814      0x674 /usr/lib/gcc/arm-none-eabi/10.3.1/../../../arm-none-eabi/lib/thumb/v7e-m+fp/hard/libm.a(lib_a-kf_rem_pio2.o)
                0x0000000008000814                __kernel_rem_pio2f
 .text          0x0000000008000e88       0x90 /usr/lib/gcc/arm-none-eabi/10.3.1/../../../arm-none-eabi/lib/thumb/v7e-m+fp/hard/libm.a(lib_a-kf_sin.o)
                0x0000000008000e88                __kernel_sinf
 .text          0x0000000008000f18       0x10 /usr/lib/gcc/arm-none-eabi/10.3.1/../../../arm-none-eabi/lib/thumb/v7e-m+fp/hard/libm.a(lib_a-sf_fabs.o)
                0x0000000008000f18                fabsf
 .text          0x0000000008000f28       0x8c /usr/lib/gcc/arm-none-eabi/10.3.1/../../../arm-none-eabi/lib/thumb/v7e-m+fp/hard/libm.a(lib_a-sf_floor.o)
                0x0000000008000f28                floorf
 .text          0x0000000008000fb4       0xe4 /usr/lib/gcc/arm-none-eabi/10.3.1/../../../arm-none-eabi/lib/thumb/v7e-m+fp/hard/libm.a(lib_a-sf_scalbn.o)
                0x0000000008000fb4                scalbnf
 .text          0x0000000008001098      0x254 /usr/lib/gcc/arm-none-eabi/10.3.1/thumb/v7e-m+fp/hard/libgcc.a(_arm_muldf3.o)
                0x0000000008001098                __aeabi_dmul
                0x0000000008001098                __muldf3
 .text          0x00000000080012ec      0x378 /usr/lib/gcc/arm-none-eabi/10.3.1/thumb/v7e-m+fp/hard/libgcc.a(_arm_addsubdf3.o)
                0x00000000080012ec                __aeabi_drsub
                0x00000000080012f4                __aeabi_dsub
                0x00000000080012f4                __subdf3
                0x00000000080012f8                __adddf3
                0x00000000080012f8                __aeabi_dadd
                0x0000000008001570                __aeabi_ui2d
                0x0000000008001570                __floatunsidf
                0x0000000008001590                __floatsidf
                0x0000000008001590                __aeabi_i2d
                0x00000000080015b4                __extendsfdf2
                0x00000000080015b4                __aeabi_f2d
                0x00000000080015f8                __aeabi_ul2d
                0x00000000080015f8                __floatundidf
                0x0000000008001608                __floatdidf
                0x0000000008001608                __aeabi_l2d
 .text          0x0000000008001664      0x110 /usr/lib/gcc/arm-none-eabi/10.3.1/thumb/v7e-m+fp/hard/libgcc.a(_arm_cmpdf2.o)
                0x0000000008001664                __gtdf2
                0x0000000008001664                __gedf2
                0x000000000800166c                __ltdf2
                0x000000000800166c                __ledf2
                0x0000000008001674                __cmpdf2
                0x0000000008001674                __eqdf2
                0x0000000008001674                __nedf2
                0x00000000080016f0                __aeabi_cdrcmple
                0x0000000008001700                __aeabi_cdcmple
                0x0000000008001700                __aeabi_cdcmpeq
                0x0000000008001710                __aeabi_dcmpeq
                0x0000000008001724                __aeabi_dcmplt
                0x0000000008001738                __aeabi_dcmple
                0x000000000800174c                __aeabi_dcmpge
                0x0000000008001760                __aeabi_dcmpgt
 .text          0x0000000008001774       0xa0 /usr/lib/gcc/arm-none-eabi/10.3.1/thumb/v7e-m+fp/hard/libgcc.a(_arm_truncdfsf2.o)
                0x0000000008001774                __aeabi_d2f
                0x0000000008001774                __truncdfsf2
 .text          0x0000000008001814       0x30 /usr/lib/gcc/arm-none-eabi/10.3.1/thumb/v7e-m+fp/hard/libgcc.a(_aeabi_uldivmod.o)
                0x0000000008001814                __aeabi_uldivmod
 .text          0x0000000008001844      0x2d0 /usr/lib/gcc/arm-none-eabi/10.3.1/thumb/v7e-m+fp/hard/libgcc.a(_udivmoddi4.o)
                0x0000000008001844                __udivmoddi4
 .text          0x0000000008001b14        0x4 /usr/lib/gcc/arm-none-eabi/10.3.1/thumb/v7e-m+fp/hard/libgcc.a(_dvmd_tls.o)
                0x0000000008001b14                __aeabi_ldiv0
                0x0000000008001b14                __aeabi_idiv0
 *(.text*)
 .text.MX_GPIO_Init
                0x0000000008001b18       0x4c build/main.o
 .text.Task1    0x0000000008001b64      0x230 build/main.o
                0x0000000008001b64                Task1
 *fill*         0x0000000008001d94        0x4 
 .text.StartDefaultTask
                0x0000000008001d98      0x158 build/main.o
                0x0000000008001d98                StartDefaultTask
 .text.HAL_CAN_RxFifo0MsgPendingCallback
                0x0000000008001ef0       0x90 build/main.o
                0x0000000008001ef0                HAL_CAN_RxFifo0MsgPendingCallback
 .text.HAL_TIM_PeriodElapsedCallback
                0x0000000008001f80       0x18 build/main.o
                0x0000000008001f80                HAL_TIM_PeriodElapsedCallback
 .text.Error_Handler
                0x0000000008001f98        0x4 build/main.o
                0x0000000008001f98                Error_Handler
 .text.SystemClock_Config
                0x0000000008001f9c       0xa8 build/main.o
                0x0000000008001f9c                SystemClock_Config
 .text.main     0x0000000008002044       0x78 build/main.o
                0x0000000008002044                main
 .text.NMI_Handler
                0x00000000080020bc        0x2 build/stm32f4xx_it.o
                0x00000000080020bc                NMI_Handler
 .text.HardFault_Handler
                0x00000000080020be        0x2 build/stm32f4xx_it.o
                0x00000000080020be                HardFault_Handler
 .text.MemManage_Handler
                0x00000000080020c0        0x2 build/stm32f4xx_it.o
                0x00000000080020c0                MemManage_Handler
 .text.BusFault_Handler
                0x00000000080020c2        0x2 build/stm32f4xx_it.o
                0x00000000080020c2                BusFault_Handler
 .text.UsageFault_Handler
                0x00000000080020c4        0x2 build/stm32f4xx_it.o
                0x00000000080020c4                UsageFault_Handler
 .text.DebugMon_Handler
                0x00000000080020c6        0x2 build/stm32f4xx_it.o
                0x00000000080020c6                DebugMon_Handler
 .text.TIM1_UP_TIM10_IRQHandler
                0x00000000080020c8       0x10 build/stm32f4xx_it.o
                0x00000000080020c8                TIM1_UP_TIM10_IRQHandler
 .text.CAN2_RX0_IRQHandler
                0x00000000080020d8       0x10 build/stm32f4xx_it.o
                0x00000000080020d8                CAN2_RX0_IRQHandler
 .text.HAL_MspInit
                0x00000000080020e8       0x44 build/stm32f4xx_hal_msp.o
                0x00000000080020e8                HAL_MspInit
 .text.HAL_CAN_Init
                0x000000000800212c      0x14c build/stm32f4xx_hal_can.o
                0x000000000800212c                HAL_CAN_Init
 .text.HAL_CAN_ConfigFilter
                0x0000000008002278      0x138 build/stm32f4xx_hal_can.o
                0x0000000008002278                HAL_CAN_ConfigFilter
 .text.HAL_CAN_Start
                0x00000000080023b0       0x5c build/stm32f4xx_hal_can.o
                0x00000000080023b0                HAL_CAN_Start
 .text.HAL_CAN_AddTxMessage
                0x000000000800240c       0xea build/stm32f4xx_hal_can.o
                0x000000000800240c                HAL_CAN_AddTxMessage
 .text.HAL_CAN_AbortTxRequest
                0x00000000080024f6       0x4c build/stm32f4xx_hal_can.o
                0x00000000080024f6                HAL_CAN_AbortTxRequest
 .text.HAL_CAN_GetRxMessage
                0x0000000008002542      0x16a build/stm32f4xx_hal_can.o
                0x0000000008002542                HAL_CAN_GetRxMessage
 .text.HAL_CAN_GetRxFifoFillLevel
                0x00000000080026ac       0x26 build/stm32f4xx_hal_can.o
                0x00000000080026ac                HAL_CAN_GetRxFifoFillLevel
 .text.HAL_CAN_ActivateNotification
                0x00000000080026d2       0x24 build/stm32f4xx_hal_can.o
                0x00000000080026d2                HAL_CAN_ActivateNotification
 .text.HAL_CAN_TxMailbox0CompleteCallback
                0x00000000080026f6        0x2 build/stm32f4xx_hal_can.o
                0x00000000080026f6                HAL_CAN_TxMailbox0CompleteCallback
 .text.HAL_CAN_TxMailbox1CompleteCallback
                0x00000000080026f8        0x2 build/stm32f4xx_hal_can.o
                0x00000000080026f8                HAL_CAN_TxMailbox1CompleteCallback
 .text.HAL_CAN_TxMailbox2CompleteCallback
                0x00000000080026fa        0x2 build/stm32f4xx_hal_can.o
                0x00000000080026fa                HAL_CAN_TxMailbox2CompleteCallback
 .text.HAL_CAN_TxMailbox0AbortCallback
                0x00000000080026fc        0x2 build/stm32f4xx_hal_can.o
                0x00000000080026fc                HAL_CAN_TxMailbox0AbortCallback
 .text.HAL_CAN_TxMailbox1AbortCallback
                0x00000000080026fe        0x2 build/stm32f4xx_hal_can.o
                0x00000000080026fe                HAL_CAN_TxMailbox1AbortCallback
 .text.HAL_CAN_TxMailbox2AbortCallback
                0x0000000008002700        0x2 build/stm32f4xx_hal_can.o
                0x0000000008002700                HAL_CAN_TxMailbox2AbortCallback
 .text.HAL_CAN_RxFifo0FullCallback
                0x0000000008002702        0x2 build/stm32f4xx_hal_can.o
                0x0000000008002702                HAL_CAN_RxFifo0FullCallback
 .text.HAL_CAN_RxFifo1MsgPendingCallback
                0x0000000008002704        0x2 build/stm32f4xx_hal_can.o
                0x0000000008002704                HAL_CAN_RxFifo1MsgPendingCallback
 .text.HAL_CAN_RxFifo1FullCallback
                0x0000000008002706        0x2 build/stm32f4xx_hal_can.o
                0x0000000008002706                HAL_CAN_RxFifo1FullCallback
 .text.HAL_CAN_SleepCallback
                0x0000000008002708        0x2 build/stm32f4xx_hal_can.o
                0x0000000008002708                HAL_CAN_SleepCallback
 .text.HAL_CAN_WakeUpFromRxMsgCallback
                0x000000000800270a        0x2 build/stm32f4xx_hal_can.o
                0x000000000800270a                HAL_CAN_WakeUpFromRxMsgCallback
 .text.HAL_CAN_ErrorCallback
                0x000000000800270c        0x2 build/stm32f4xx_hal_can.o
                0x000000000800270c                HAL_CAN_ErrorCallback
 .text.HAL_CAN_IRQHandler
                0x000000000800270e      0x24a build/stm32f4xx_hal_can.o
                0x000000000800270e                HAL_CAN_IRQHandler
 .text.HAL_RCC_OscConfig
                0x0000000008002958      0x3f8 build/stm32f4xx_hal_rcc.o
                0x0000000008002958                HAL_RCC_OscConfig
 .text.HAL_RCC_GetSysClockFreq
                0x0000000008002d50       0xa4 build/stm32f4xx_hal_rcc.o
                0x0000000008002d50                HAL_RCC_GetSysClockFreq
 .text.HAL_RCC_ClockConfig
                0x0000000008002df4      0x160 build/stm32f4xx_hal_rcc.o
                0x0000000008002df4                HAL_RCC_ClockConfig
 .text.HAL_RCC_GetHCLKFreq
                0x0000000008002f54        0xc build/stm32f4xx_hal_rcc.o
                0x0000000008002f54                HAL_RCC_GetHCLKFreq
 .text.HAL_RCC_GetPCLK2Freq
                0x0000000008002f60       0x20 build/stm32f4xx_hal_rcc.o
                0x0000000008002f60                HAL_RCC_GetPCLK2Freq
 .text.HAL_RCC_GetClockConfig
                0x0000000008002f80       0x3c build/stm32f4xx_hal_rcc.o
                0x0000000008002f80                HAL_RCC_GetClockConfig
 .text.HAL_GPIO_Init
                0x0000000008002fbc      0x1e4 build/stm32f4xx_hal_gpio.o
                0x0000000008002fbc                HAL_GPIO_Init
 .text.HAL_NVIC_SetPriorityGrouping
                0x00000000080031a0       0x24 build/stm32f4xx_hal_cortex.o
                0x00000000080031a0                HAL_NVIC_SetPriorityGrouping
 .text.HAL_NVIC_SetPriority
                0x00000000080031c4       0x70 build/stm32f4xx_hal_cortex.o
                0x00000000080031c4                HAL_NVIC_SetPriority
 .text.HAL_NVIC_EnableIRQ
                0x0000000008003234       0x1c build/stm32f4xx_hal_cortex.o
                0x0000000008003234                HAL_NVIC_EnableIRQ
 .text.HAL_Init
                0x0000000008003250       0x34 build/stm32f4xx_hal.o
                0x0000000008003250                HAL_Init
 .text.HAL_IncTick
                0x0000000008003284       0x18 build/stm32f4xx_hal.o
                0x0000000008003284                HAL_IncTick
 .text.HAL_GetTick
                0x000000000800329c        0xc build/stm32f4xx_hal.o
                0x000000000800329c                HAL_GetTick
 .text.SystemInit
                0x00000000080032a8       0x14 build/system_stm32f4xx.o
                0x00000000080032a8                SystemInit
 .text.HAL_InitTick
                0x00000000080032bc       0x98 build/stm32f4xx_hal_timebase_tim.o
                0x00000000080032bc                HAL_InitTick
 .text.HAL_TIM_Base_MspInit
                0x0000000008003354        0x2 build/stm32f4xx_hal_tim.o
                0x0000000008003354                HAL_TIM_Base_MspInit
 *fill*         0x0000000008003356        0x2 
 .text.HAL_TIM_Base_Start_IT
                0x0000000008003358       0x88 build/stm32f4xx_hal_tim.o
                0x0000000008003358                HAL_TIM_Base_Start_IT
 .text.HAL_TIM_OC_DelayElapsedCallback
                0x00000000080033e0        0x2 build/stm32f4xx_hal_tim.o
                0x00000000080033e0                HAL_TIM_OC_DelayElapsedCallback
 .text.HAL_TIM_IC_CaptureCallback
                0x00000000080033e2        0x2 build/stm32f4xx_hal_tim.o
                0x00000000080033e2                HAL_TIM_IC_CaptureCallback
 .text.HAL_TIM_PWM_PulseFinishedCallback
                0x00000000080033e4        0x2 build/stm32f4xx_hal_tim.o
                0x00000000080033e4                HAL_TIM_PWM_PulseFinishedCallback
 .text.HAL_TIM_TriggerCallback
                0x00000000080033e6        0x2 build/stm32f4xx_hal_tim.o
                0x00000000080033e6                HAL_TIM_TriggerCallback
 .text.HAL_TIM_IRQHandler
                0x00000000080033e8      0x15e build/stm32f4xx_hal_tim.o
                0x00000000080033e8                HAL_TIM_IRQHandler
 *fill*         0x0000000008003546        0x2 
 .text.TIM_Base_SetConfig
                0x0000000008003548       0xd0 build/stm32f4xx_hal_tim.o
                0x0000000008003548                TIM_Base_SetConfig
 .text.HAL_TIM_Base_Init
                0x0000000008003618       0x58 build/stm32f4xx_hal_tim.o
                0x0000000008003618                HAL_TIM_Base_Init
 .text.HAL_TIMEx_CommutCallback
                0x0000000008003670        0x2 build/stm32f4xx_hal_tim_ex.o
                0x0000000008003670                HAL_TIMEx_CommutCallback
 .text.HAL_TIMEx_BreakCallback
                0x0000000008003672        0x2 build/stm32f4xx_hal_tim_ex.o
                0x0000000008003672                HAL_TIMEx_BreakCallback
 .text.vListInitialise
                0x0000000008003674       0x16 build/list.o
                0x0000000008003674                vListInitialise
 .text.vListInitialiseItem
                0x000000000800368a        0x6 build/list.o
                0x000000000800368a                vListInitialiseItem
 .text.vListInsertEnd
                0x0000000008003690       0x16 build/list.o
                0x0000000008003690                vListInsertEnd
 .text.vListInsert
                0x00000000080036a6       0x32 build/list.o
                0x00000000080036a6                vListInsert
 .text.uxListRemove
                0x00000000080036d8       0x26 build/list.o
                0x00000000080036d8                uxListRemove
 .text.prvIsQueueFull
                0x00000000080036fe       0x1e build/queue.o
 .text.prvIsQueueEmpty
                0x000000000800371c       0x1a build/queue.o
 .text.prvCopyDataToQueue
                0x0000000008003736       0x76 build/queue.o
 .text.prvCopyDataFromQueue
                0x00000000080037ac       0x24 build/queue.o
 .text.prvUnlockQueue
                0x00000000080037d0       0x6e build/queue.o
 .text.xQueueGenericReset
                0x000000000800383e       0x84 build/queue.o
                0x000000000800383e                xQueueGenericReset
 .text.prvInitialiseNewQueue
                0x00000000080038c2       0x22 build/queue.o
 .text.xQueueGenericCreateStatic
                0x00000000080038e4       0x94 build/queue.o
                0x00000000080038e4                xQueueGenericCreateStatic
 .text.xQueueGenericSend
                0x0000000008003978      0x188 build/queue.o
                0x0000000008003978                xQueueGenericSend
 .text.xQueueGenericSendFromISR
                0x0000000008003b00       0xce build/queue.o
                0x0000000008003b00                xQueueGenericSendFromISR
 .text.xQueueReceive
                0x0000000008003bce      0x15e build/queue.o
                0x0000000008003bce                xQueueReceive
 .text.vQueueAddToRegistry
                0x0000000008003d2c       0x28 build/queue.o
                0x0000000008003d2c                vQueueAddToRegistry
 .text.vQueueWaitForMessageRestricted
                0x0000000008003d54       0x52 build/queue.o
                0x0000000008003d54                vQueueWaitForMessageRestricted
 *fill*         0x0000000008003da6        0x2 
 .text.prvResetNextTaskUnblockTime
                0x0000000008003da8       0x2c build/tasks.o
 .text.prvInitialiseNewTask
                0x0000000008003dd4       0xa6 build/tasks.o
 *fill*         0x0000000008003e7a        0x2 
 .text.prvInitialiseTaskLists
                0x0000000008003e7c       0x68 build/tasks.o
 .text.prvAddNewTaskToReadyList
                0x0000000008003ee4       0xac build/tasks.o
 .text.prvDeleteTCB
                0x0000000008003f90       0x38 build/tasks.o
 .text.prvCheckTasksWaitingTermination
                0x0000000008003fc8       0x4c build/tasks.o
 .text.prvIdleTask
                0x0000000008004014       0x28 build/tasks.o
 .text.prvAddCurrentTaskToDelayedList
                0x000000000800403c       0x7c build/tasks.o
 .text.xTaskCreateStatic
                0x00000000080040b8       0x76 build/tasks.o
                0x00000000080040b8                xTaskCreateStatic
 .text.xTaskCreate
                0x000000000800412e       0x68 build/tasks.o
                0x000000000800412e                xTaskCreate
 *fill*         0x0000000008004196        0x2 
 .text.vTaskStartScheduler
                0x0000000008004198       0x9c build/tasks.o
                0x0000000008004198                vTaskStartScheduler
 .text.vTaskSuspendAll
                0x0000000008004234       0x10 build/tasks.o
                0x0000000008004234                vTaskSuspendAll
 .text.xTaskGetTickCount
                0x0000000008004244        0xc build/tasks.o
                0x0000000008004244                xTaskGetTickCount
 .text.xTaskIncrementTick
                0x0000000008004250      0x118 build/tasks.o
                0x0000000008004250                xTaskIncrementTick
 .text.xTaskResumeAll
                0x0000000008004368       0xf8 build/tasks.o
                0x0000000008004368                xTaskResumeAll
 .text.vTaskDelay
                0x0000000008004460       0x4c build/tasks.o
                0x0000000008004460                vTaskDelay
 .text.vTaskSwitchContext
                0x00000000080044ac       0x94 build/tasks.o
                0x00000000080044ac                vTaskSwitchContext
 .text.vTaskPlaceOnEventList
                0x0000000008004540       0x30 build/tasks.o
                0x0000000008004540                vTaskPlaceOnEventList
 .text.vTaskPlaceOnEventListRestricted
                0x0000000008004570       0x38 build/tasks.o
                0x0000000008004570                vTaskPlaceOnEventListRestricted
 .text.xTaskRemoveFromEventList
                0x00000000080045a8       0x8c build/tasks.o
                0x00000000080045a8                xTaskRemoveFromEventList
 .text.vTaskInternalSetTimeOutState
                0x0000000008004634       0x18 build/tasks.o
                0x0000000008004634                vTaskInternalSetTimeOutState
 .text.xTaskCheckForTimeOut
                0x000000000800464c       0x84 build/tasks.o
                0x000000000800464c                xTaskCheckForTimeOut
 .text.vTaskMissedYield
                0x00000000080046d0        0xc build/tasks.o
                0x00000000080046d0                vTaskMissedYield
 .text.xTaskGetSchedulerState
                0x00000000080046dc       0x20 build/tasks.o
                0x00000000080046dc                xTaskGetSchedulerState
 .text.xTaskPriorityDisinherit
                0x00000000080046fc       0x90 build/tasks.o
                0x00000000080046fc                xTaskPriorityDisinherit
 .text.prvGetNextExpireTime
                0x000000000800478c       0x20 build/timers.o
 .text.prvInsertTimerInActiveList
                0x00000000080047ac       0x48 build/timers.o
 .text.prvCheckForValidListAndQueue
                0x00000000080047f4       0x70 build/timers.o
 .text.xTimerCreateTimerTask
                0x0000000008004864       0x64 build/timers.o
                0x0000000008004864                xTimerCreateTimerTask
 .text.xTimerGenericCommand
                0x00000000080048c8       0x6c build/timers.o
                0x00000000080048c8                xTimerGenericCommand
 .text.prvSwitchTimerLists
                0x0000000008004934       0x7c build/timers.o
 .text.prvSampleTimeNow
                0x00000000080049b0       0x2c build/timers.o
 .text.prvProcessExpiredTimer
                0x00000000080049dc       0x6c build/timers.o
 .text.prvProcessTimerOrBlockTask
                0x0000000008004a48       0x74 build/timers.o
 .text.prvProcessReceivedCommands
                0x0000000008004abc      0x10c build/timers.o
 .text.prvTimerTask
                0x0000000008004bc8       0x16 build/timers.o
 .text.SysTick_Handler
                0x0000000008004bde       0x18 build/cmsis_os2.o
                0x0000000008004bde                SysTick_Handler
 *fill*         0x0000000008004bf6        0x2 
 .text.osKernelInitialize
                0x0000000008004bf8       0x24 build/cmsis_os2.o
                0x0000000008004bf8                osKernelInitialize
 .text.osKernelStart
                0x0000000008004c1c       0x38 build/cmsis_os2.o
                0x0000000008004c1c                osKernelStart
 .text.osThreadNew
                0x0000000008004c54       0xbc build/cmsis_os2.o
                0x0000000008004c54                osThreadNew
 .text.osDelay  0x0000000008004d10       0x1c build/cmsis_os2.o
                0x0000000008004d10                osDelay
 .text.vApplicationGetIdleTaskMemory
                0x0000000008004d2c       0x18 build/cmsis_os2.o
                0x0000000008004d2c                vApplicationGetIdleTaskMemory
 .text.vApplicationGetTimerTaskMemory
                0x0000000008004d44       0x18 build/cmsis_os2.o
                0x0000000008004d44                vApplicationGetTimerTaskMemory
 .text.prvHeapInit
                0x0000000008004d5c       0x64 build/heap_4.o
 .text.prvInsertBlockIntoFreeList
                0x0000000008004dc0       0x64 build/heap_4.o
 .text.pvPortMalloc
                0x0000000008004e24       0xfc build/heap_4.o
                0x0000000008004e24                pvPortMalloc
 .text.vPortFree
                0x0000000008004f20       0x7c build/heap_4.o
                0x0000000008004f20                vPortFree
 .text.prvTaskExitError
                0x0000000008004f9c       0x40 build/port.o
 .text.prvPortStartFirstTask
                0x0000000008004fdc       0x28 build/port.o
 .text.vPortEnableVFP
                0x0000000008005004       0x14 build/port.o
 .text.pxPortInitialiseStack
                0x0000000008005018       0x2c build/port.o
                0x0000000008005018                pxPortInitialiseStack
 *fill*         0x0000000008005044        0xc 
 .text.SVC_Handler
                0x0000000008005050       0x24 build/port.o
                0x0000000008005050                SVC_Handler
 .text.vPortEnterCritical
                0x0000000008005074       0x44 build/port.o
                0x0000000008005074                vPortEnterCritical
 .text.vPortExitCritical
                0x00000000080050b8       0x2c build/port.o
                0x00000000080050b8                vPortExitCritical
 *fill*         0x00000000080050e4        0xc 
 .text.PendSV_Handler
                0x00000000080050f0       0x64 build/port.o
                0x00000000080050f0                PendSV_Handler
 .text.xPortSysTickHandler
                0x0000000008005154       0x2c build/port.o
                0x0000000008005154                xPortSysTickHandler
 .text.vPortSetupTimerInterrupt
                0x0000000008005180       0x28 build/port.o
                0x0000000008005180                vPortSetupTimerInterrupt
 .text.xPortStartScheduler
                0x00000000080051a8      0x118 build/port.o
                0x00000000080051a8                xPortStartScheduler
 .text.vPortValidateInterruptPriority
                0x00000000080052c0       0x5c build/port.o
                0x00000000080052c0                vPortValidateInterruptPriority
 .text.MX_CAN2_Init
                0x000000000800531c       0x48 build/can.o
                0x000000000800531c                MX_CAN2_Init
 .text.HAL_CAN_MspInit
                0x0000000008005364       0x94 build/can.o
                0x0000000008005364                HAL_CAN_MspInit
 .text.can_rx_init
                0x00000000080053f8       0x2c build/can.o
                0x00000000080053f8                can_rx_init
 .text.can_tx_init
                0x0000000008005424        0xc build/can.o
                0x0000000008005424                can_tx_init
 .text.DataCmdJoint
                0x0000000008005430       0x14 build/can.o
                0x0000000008005430                DataCmdJoint
 .text.Master_Unpack_State_2
                0x0000000008005444        0xe build/can.o
                0x0000000008005444                Master_Unpack_State_2
 .text.Master_Pack_Cmd_2
                0x0000000008005452        0xe build/can.o
                0x0000000008005452                Master_Pack_Cmd_2
 .text.MasterSendData_2
                0x0000000008005460       0x2e build/can.o
                0x0000000008005460                MasterSendData_2
 *fill*         0x000000000800548e        0x2 
 .text.Reset_Handler
                0x0000000008005490       0x50 build/startup_stm32f405xx.o
                0x0000000008005490                Reset_Handler
 .text.Default_Handler
                0x00000000080054e0        0x2 build/startup_stm32f405xx.o
                0x00000000080054e0                RTC_Alarm_IRQHandler
                0x00000000080054e0                HASH_RNG_IRQHandler
                0x00000000080054e0                EXTI2_IRQHandler
                0x00000000080054e0                TIM8_CC_IRQHandler
                0x00000000080054e0                TIM1_CC_IRQHandler
                0x00000000080054e0                DMA2_Stream5_IRQHandler
                0x00000000080054e0                DMA1_Stream5_IRQHandler
                0x00000000080054e0                PVD_IRQHandler
                0x00000000080054e0                SDIO_IRQHandler
                0x00000000080054e0                TAMP_STAMP_IRQHandler
                0x00000000080054e0                CAN2_RX1_IRQHandler
                0x00000000080054e0                EXTI3_IRQHandler
                0x00000000080054e0                TIM8_TRG_COM_TIM14_IRQHandler
                0x00000000080054e0                TIM8_UP_TIM13_IRQHandler
                0x00000000080054e0                I2C3_ER_IRQHandler
                0x00000000080054e0                EXTI0_IRQHandler
                0x00000000080054e0                I2C2_EV_IRQHandler
                0x00000000080054e0                DMA1_Stream2_IRQHandler
                0x00000000080054e0                CAN1_RX0_IRQHandler
                0x00000000080054e0                FPU_IRQHandler
                0x00000000080054e0                OTG_HS_WKUP_IRQHandler
                0x00000000080054e0                CAN2_SCE_IRQHandler
                0x00000000080054e0                DMA2_Stream2_IRQHandler
                0x00000000080054e0                SPI1_IRQHandler
                0x00000000080054e0                TIM6_DAC_IRQHandler
                0x00000000080054e0                TIM1_BRK_TIM9_IRQHandler
                0x00000000080054e0                DMA2_Stream3_IRQHandler
                0x00000000080054e0                USART6_IRQHandler
                0x00000000080054e0                USART3_IRQHandler
                0x00000000080054e0                CAN1_RX1_IRQHandler
                0x00000000080054e0                UART5_IRQHandler
                0x00000000080054e0                DMA2_Stream0_IRQHandler
                0x00000000080054e0                TIM4_IRQHandler
                0x00000000080054e0                I2C1_EV_IRQHandler
                0x00000000080054e0                DMA1_Stream6_IRQHandler
                0x00000000080054e0                DMA1_Stream1_IRQHandler
                0x00000000080054e0                UART4_IRQHandler
                0x00000000080054e0                TIM3_IRQHandler
                0x00000000080054e0                RCC_IRQHandler
                0x00000000080054e0                TIM8_BRK_TIM12_IRQHandler
                0x00000000080054e0                Default_Handler
                0x00000000080054e0                EXTI15_10_IRQHandler
                0x00000000080054e0                ADC_IRQHandler
                0x00000000080054e0                DMA1_Stream7_IRQHandler
                0x00000000080054e0                TIM7_IRQHandler
                0x00000000080054e0                CAN2_TX_IRQHandler
                0x00000000080054e0                TIM5_IRQHandler
                0x00000000080054e0                DMA2_Stream7_IRQHandler
                0x00000000080054e0                I2C3_EV_IRQHandler
                0x00000000080054e0                EXTI9_5_IRQHandler
                0x00000000080054e0                RTC_WKUP_IRQHandler
                0x00000000080054e0                SPI2_IRQHandler
                0x00000000080054e0                OTG_HS_EP1_IN_IRQHandler
                0x00000000080054e0                DMA1_Stream0_IRQHandler
                0x00000000080054e0                CAN1_TX_IRQHandler
                0x00000000080054e0                EXTI4_IRQHandler
                0x00000000080054e0                FSMC_IRQHandler
                0x00000000080054e0                OTG_HS_EP1_OUT_IRQHandler
                0x00000000080054e0                WWDG_IRQHandler
                0x00000000080054e0                TIM2_IRQHandler
                0x00000000080054e0                OTG_FS_WKUP_IRQHandler
                0x00000000080054e0                TIM1_TRG_COM_TIM11_IRQHandler
                0x00000000080054e0                OTG_HS_IRQHandler
                0x00000000080054e0                EXTI1_IRQHandler
                0x00000000080054e0                USART2_IRQHandler
                0x00000000080054e0                I2C2_ER_IRQHandler
                0x00000000080054e0                DMA2_Stream1_IRQHandler
                0x00000000080054e0                CAN1_SCE_IRQHandler
                0x00000000080054e0                FLASH_IRQHandler
                0x00000000080054e0                DMA2_Stream4_IRQHandler
                0x00000000080054e0                USART1_IRQHandler
                0x00000000080054e0                OTG_FS_IRQHandler
                0x00000000080054e0                SPI3_IRQHandler
                0x00000000080054e0                DMA1_Stream4_IRQHandler
                0x00000000080054e0                I2C1_ER_IRQHandler
                0x00000000080054e0                DMA2_Stream6_IRQHandler
                0x00000000080054e0                DMA1_Stream3_IRQHandler
 *(.glue_7)
 .glue_7        0x00000000080054e2        0x0 linker stubs
 *(.glue_7t)
 .glue_7t       0x00000000080054e2        0x0 linker stubs
 *(.eh_frame)
 *fill*         0x00000000080054e2        0x2 
 .eh_frame      0x00000000080054e4        0x0 /usr/lib/gcc/arm-none-eabi/10.3.1/thumb/v7e-m+fp/hard/crtbegin.o
 *(.init)
 .init          0x00000000080054e4        0x4 /usr/lib/gcc/arm-none-eabi/10.3.1/thumb/v7e-m+fp/hard/crti.o
                0x00000000080054e4                _init
 .init          0x00000000080054e8        0x8 /usr/lib/gcc/arm-none-eabi/10.3.1/thumb/v7e-m+fp/hard/crtn.o
 *(.fini)
 .fini          0x00000000080054f0        0x4 /usr/lib/gcc/arm-none-eabi/10.3.1/thumb/v7e-m+fp/hard/crti.o
                0x00000000080054f0                _fini
 .fini          0x00000000080054f4        0x8 /usr/lib/gcc/arm-none-eabi/10.3.1/thumb/v7e-m+fp/hard/crtn.o
                0x00000000080054fc                . = ALIGN (0x4)
                0x00000000080054fc                _etext = .

.vfp11_veneer   0x00000000080054fc        0x0
 .vfp11_veneer  0x00000000080054fc        0x0 linker stubs

.v4_bx          0x00000000080054fc        0x0
 .v4_bx         0x00000000080054fc        0x0 linker stubs

.iplt           0x00000000080054fc        0x0
 .iplt          0x00000000080054fc        0x0 /usr/lib/gcc/arm-none-eabi/10.3.1/thumb/v7e-m+fp/hard/crtbegin.o

.rodata         0x00000000080054fc      0x45c
                0x00000000080054fc                . = ALIGN (0x4)
 *(.rodata)
 .rodata        0x00000000080054fc      0x398 /usr/lib/gcc/arm-none-eabi/10.3.1/../../../arm-none-eabi/lib/thumb/v7e-m+fp/hard/libm.a(lib_a-ef_rem_pio2.o)
 .rodata        0x0000000008005894       0x38 /usr/lib/gcc/arm-none-eabi/10.3.1/../../../arm-none-eabi/lib/thumb/v7e-m+fp/hard/libm.a(lib_a-kf_rem_pio2.o)
 *(.rodata*)
 .rodata.str1.4
                0x00000000080058cc       0x14 build/main.o
 .rodata.Task1_attributes
                0x00000000080058e0       0x24 build/main.o
                0x00000000080058e0                Task1_attributes
 .rodata.defaultTask_attributes
                0x0000000008005904       0x24 build/main.o
                0x0000000008005904                defaultTask_attributes
 .rodata.AHBPrescTable
                0x0000000008005928       0x10 build/system_stm32f4xx.o
                0x0000000008005928                AHBPrescTable
 .rodata.APBPrescTable
                0x0000000008005938        0x8 build/system_stm32f4xx.o
                0x0000000008005938                APBPrescTable
 .rodata.vTaskStartScheduler.str1.4
                0x0000000008005940        0x5 build/tasks.o
 *fill*         0x0000000008005945        0x3 
 .rodata.prvCheckForValidListAndQueue.str1.4
                0x0000000008005948        0x5 build/timers.o
 *fill*         0x000000000800594d        0x3 
 .rodata.xTimerCreateTimerTask.str1.4
                0x0000000008005950        0x8 build/timers.o
                0x0000000008005958                . = ALIGN (0x4)

.ARM.extab      0x0000000008005958        0x0
                0x0000000008005958                . = ALIGN (0x4)
 *(.ARM.extab* .gnu.linkonce.armextab.*)
                0x0000000008005958                . = ALIGN (0x4)

.ARM            0x0000000008005958        0x8
                0x0000000008005958                . = ALIGN (0x4)
                0x0000000008005958                __exidx_start = .
 *(.ARM.exidx*)
 .ARM.exidx     0x0000000008005958        0x8 /usr/lib/gcc/arm-none-eabi/10.3.1/thumb/v7e-m+fp/hard/libgcc.a(_udivmoddi4.o)
                0x0000000008005960                __exidx_end = .
                0x0000000008005960                . = ALIGN (0x4)

.preinit_array  0x0000000008005960        0x0
                0x0000000008005960                . = ALIGN (0x4)
                0x0000000008005960                PROVIDE (__preinit_array_start = .)
 *(.preinit_array*)
                0x0000000008005960                PROVIDE (__preinit_array_end = .)
                0x0000000008005960                . = ALIGN (0x4)

.init_array     0x0000000008005960        0x4
                0x0000000008005960                . = ALIGN (0x4)
                0x0000000008005960                PROVIDE (__init_array_start = .)
 *(SORT_BY_NAME(.init_array.*))
 *(.init_array*)
 .init_array    0x0000000008005960        0x4 /usr/lib/gcc/arm-none-eabi/10.3.1/thumb/v7e-m+fp/hard/crtbegin.o
                0x0000000008005964                PROVIDE (__init_array_end = .)
                0x0000000008005964                . = ALIGN (0x4)

.fini_array     0x0000000008005964        0x4
                0x0000000008005964                . = ALIGN (0x4)
                0x0000000008005964                PROVIDE (__fini_array_start = .)
 *(SORT_BY_NAME(.fini_array.*))
 *(.fini_array*)
 .fini_array    0x0000000008005964        0x4 /usr/lib/gcc/arm-none-eabi/10.3.1/thumb/v7e-m+fp/hard/crtbegin.o
                0x0000000008005968                PROVIDE (__fini_array_end = .)
                0x0000000008005968                . = ALIGN (0x4)
                0x0000000008005968                _sidata = LOADADDR (.data)

.rel.dyn        0x0000000008005968        0x0
 .rel.iplt      0x0000000008005968        0x0 /usr/lib/gcc/arm-none-eabi/10.3.1/thumb/v7e-m+fp/hard/crtbegin.o

.data           0x0000000020000000       0x18 load address 0x0000000008005968
                0x0000000020000000                . = ALIGN (0x4)
                0x0000000020000000                _sdata = .
 *(.data)
 *(.data*)
 .data.dt       0x0000000020000000        0x4 build/main.o
                0x0000000020000000                dt
 .data.f        0x0000000020000004        0x4 build/main.o
                0x0000000020000004                f
 .data.uwTickFreq
                0x0000000020000008        0x1 build/stm32f4xx_hal.o
                0x0000000020000008                uwTickFreq
 *fill*         0x0000000020000009        0x3 
 .data.uwTickPrio
                0x000000002000000c        0x4 build/stm32f4xx_hal.o
                0x000000002000000c                uwTickPrio
 .data.SystemCoreClock
                0x0000000020000010        0x4 build/system_stm32f4xx.o
                0x0000000020000010                SystemCoreClock
 .data.uxCriticalNesting
                0x0000000020000014        0x4 build/port.o
 *(.RamFunc)
 *(.RamFunc*)
                0x0000000020000018                . = ALIGN (0x4)
                0x0000000020000018                _edata = .
                0x0000000008005980                _siccmram = LOADADDR (.ccmram)

.tm_clone_table
                0x0000000020000018        0x0 load address 0x0000000008005980
 .tm_clone_table
                0x0000000020000018        0x0 /usr/lib/gcc/arm-none-eabi/10.3.1/thumb/v7e-m+fp/hard/crtbegin.o
 .tm_clone_table
                0x0000000020000018        0x0 /usr/lib/gcc/arm-none-eabi/10.3.1/thumb/v7e-m+fp/hard/crtend.o

.igot.plt       0x0000000020000018        0x0 load address 0x0000000008005980
 .igot.plt      0x0000000020000018        0x0 /usr/lib/gcc/arm-none-eabi/10.3.1/thumb/v7e-m+fp/hard/crtbegin.o

.ccmram         0x0000000010000000        0x0 load address 0x0000000008005980
                0x0000000010000000                . = ALIGN (0x4)
                0x0000000010000000                _sccmram = .
 *(.ccmram)
 *(.ccmram*)
                0x0000000010000000                . = ALIGN (0x4)
                0x0000000010000000                _eccmram = .
                0x0000000010000000                . = ALIGN (0x4)

.bss            0x0000000020000018     0x4bec
                0x0000000020000018                _sbss = .
                0x0000000020000018                __bss_start__ = _sbss
 *(.bss)
 .bss           0x0000000020000018       0x1c /usr/lib/gcc/arm-none-eabi/10.3.1/thumb/v7e-m+fp/hard/crtbegin.o
 *(.bss*)
 .bss.Task1Handle
                0x0000000020000034        0x4 build/main.o
                0x0000000020000034                Task1Handle
 .bss.anpha     0x0000000020000038        0x4 build/main.o
                0x0000000020000038                anpha
 .bss.can_rx    0x000000002000003c       0x4c build/main.o
                0x000000002000003c                can_rx
 .bss.can_tx    0x0000000020000088       0x20 build/main.o
                0x0000000020000088                can_tx
 .bss.defaultTaskHandle
                0x00000000200000a8        0x4 build/main.o
                0x00000000200000a8                defaultTaskHandle
 .bss.hcan2     0x00000000200000ac       0x28 build/main.o
                0x00000000200000ac                hcan2
 *fill*         0x00000000200000d4        0x4 
 .bss.motorID_1
                0x00000000200000d8       0x50 build/main.o
                0x00000000200000d8                motorID_1
 .bss.motorID_2
                0x0000000020000128       0x50 build/main.o
                0x0000000020000128                motorID_2
 .bss.motorID_3
                0x0000000020000178       0x50 build/main.o
                0x0000000020000178                motorID_3
 .bss.motorID_4
                0x00000000200001c8       0x50 build/main.o
                0x00000000200001c8                motorID_4
 .bss.motorID_5
                0x0000000020000218       0x50 build/main.o
                0x0000000020000218                motorID_5
 .bss.uwTick    0x0000000020000268        0x4 build/stm32f4xx_hal.o
                0x0000000020000268                uwTick
 .bss.htim10    0x000000002000026c       0x48 build/stm32f4xx_hal_timebase_tim.o
                0x000000002000026c                htim10
 .bss.xQueueRegistry
                0x00000000200002b4       0x40 build/queue.o
                0x00000000200002b4                xQueueRegistry
 .bss.pxCurrentTCB
                0x00000000200002f4        0x4 build/tasks.o
                0x00000000200002f4                pxCurrentTCB
 .bss.pxDelayedTaskList
                0x00000000200002f8        0x4 build/tasks.o
 .bss.pxOverflowDelayedTaskList
                0x00000000200002fc        0x4 build/tasks.o
 .bss.pxReadyTasksLists
                0x0000000020000300      0x460 build/tasks.o
 .bss.uxCurrentNumberOfTasks
                0x0000000020000760        0x4 build/tasks.o
 .bss.uxDeletedTasksWaitingCleanUp
                0x0000000020000764        0x4 build/tasks.o
 .bss.uxSchedulerSuspended
                0x0000000020000768        0x4 build/tasks.o
 .bss.uxTaskNumber
                0x000000002000076c        0x4 build/tasks.o
 .bss.uxTopReadyPriority
                0x0000000020000770        0x4 build/tasks.o
 .bss.xDelayedTaskList1
                0x0000000020000774       0x14 build/tasks.o
 .bss.xDelayedTaskList2
                0x0000000020000788       0x14 build/tasks.o
 .bss.xIdleTaskHandle
                0x000000002000079c        0x4 build/tasks.o
 .bss.xNextTaskUnblockTime
                0x00000000200007a0        0x4 build/tasks.o
 .bss.xNumOfOverflows
                0x00000000200007a4        0x4 build/tasks.o
 .bss.xPendedTicks
                0x00000000200007a8        0x4 build/tasks.o
 .bss.xPendingReadyList
                0x00000000200007ac       0x14 build/tasks.o
 .bss.xSchedulerRunning
                0x00000000200007c0        0x4 build/tasks.o
 .bss.xSuspendedTaskList
                0x00000000200007c4       0x14 build/tasks.o
 .bss.xTasksWaitingTermination
                0x00000000200007d8       0x14 build/tasks.o
 .bss.xTickCount
                0x00000000200007ec        0x4 build/tasks.o
 .bss.xYieldPending
                0x00000000200007f0        0x4 build/tasks.o
 .bss.pxCurrentTimerList
                0x00000000200007f4        0x4 build/timers.o
 .bss.pxOverflowTimerList
                0x00000000200007f8        0x4 build/timers.o
 .bss.ucStaticTimerQueueStorage.1
                0x00000000200007fc       0xa0 build/timers.o
 .bss.xActiveTimerList1
                0x000000002000089c       0x14 build/timers.o
 .bss.xActiveTimerList2
                0x00000000200008b0       0x14 build/timers.o
 .bss.xLastTime.2
                0x00000000200008c4        0x4 build/timers.o
 .bss.xStaticTimerQueue.0
                0x00000000200008c8       0x50 build/timers.o
 .bss.xTimerQueue
                0x0000000020000918        0x4 build/timers.o
 .bss.xTimerTaskHandle
                0x000000002000091c        0x4 build/timers.o
 .bss.Idle_Stack.2
                0x0000000020000920      0x200 build/cmsis_os2.o
 .bss.Idle_TCB.3
                0x0000000020000b20       0x5c build/cmsis_os2.o
 .bss.KernelState
                0x0000000020000b7c        0x4 build/cmsis_os2.o
 .bss.Timer_Stack.0
                0x0000000020000b80      0x400 build/cmsis_os2.o
 .bss.Timer_TCB.1
                0x0000000020000f80       0x5c build/cmsis_os2.o
 .bss.pxEnd     0x0000000020000fdc        0x4 build/heap_4.o
 .bss.ucHeap    0x0000000020000fe0     0x3c00 build/heap_4.o
 .bss.xBlockAllocatedBit
                0x0000000020004be0        0x4 build/heap_4.o
 .bss.xFreeBytesRemaining
                0x0000000020004be4        0x4 build/heap_4.o
 .bss.xMinimumEverFreeBytesRemaining
                0x0000000020004be8        0x4 build/heap_4.o
 .bss.xNumberOfSuccessfulAllocations
                0x0000000020004bec        0x4 build/heap_4.o
 .bss.xNumberOfSuccessfulFrees
                0x0000000020004bf0        0x4 build/heap_4.o
 .bss.xStart    0x0000000020004bf4        0x8 build/heap_4.o
 .bss.ucMaxSysCallPriority
                0x0000000020004bfc        0x1 build/port.o
 *fill*         0x0000000020004bfd        0x3 
 .bss.ulMaxPRIGROUPValue
                0x0000000020004c00        0x4 build/port.o
 *(COMMON)
                0x0000000020004c04                . = ALIGN (0x4)
                0x0000000020004c04                _ebss = .
                0x0000000020004c04                __bss_end__ = _ebss

._user_heap_stack
                0x0000000020004c04      0x604
                0x0000000020004c08                . = ALIGN (0x8)
 *fill*         0x0000000020004c04        0x4 
                [!provide]                        PROVIDE (end = .)
                0x0000000020004c08                PROVIDE (_end = .)
                0x0000000020004e08                . = (. + _Min_Heap_Size)
 *fill*         0x0000000020004c08      0x200 
                0x0000000020005208                . = (. + _Min_Stack_Size)
 *fill*         0x0000000020004e08      0x400 
                0x0000000020005208                . = ALIGN (0x8)

/DISCARD/
 libc.a(*)
 libm.a(*)
 libgcc.a(*)
OUTPUT(build/master_control_bldc_driver.elf elf32-littlearm)
LOAD linker stubs
LOAD /usr/lib/gcc/arm-none-eabi/10.3.1/../../../arm-none-eabi/lib/thumb/v7e-m+fp/hard/libc.a
LOAD /usr/lib/gcc/arm-none-eabi/10.3.1/../../../arm-none-eabi/lib/thumb/v7e-m+fp/hard/libm.a
LOAD /usr/lib/gcc/arm-none-eabi/10.3.1/thumb/v7e-m+fp/hard/libgcc.a

.ARM.attributes
                0x0000000000000000       0x30
 .ARM.attributes
                0x0000000000000000       0x1e /usr/lib/gcc/arm-none-eabi/10.3.1/thumb/v7e-m+fp/hard/crti.o
 .ARM.attributes
                0x000000000000001e       0x34 /usr/lib/gcc/arm-none-eabi/10.3.1/thumb/v7e-m+fp/hard/crtbegin.o
 .ARM.attributes
                0x0000000000000052       0x34 build/main.o
 .ARM.attributes
                0x0000000000000086       0x34 build/stm32f4xx_it.o
 .ARM.attributes
                0x00000000000000ba       0x34 build/stm32f4xx_hal_msp.o
 .ARM.attributes
                0x00000000000000ee       0x34 build/stm32f4xx_hal_can.o
 .ARM.attributes
                0x0000000000000122       0x34 build/stm32f4xx_hal_rcc.o
 .ARM.attributes
                0x0000000000000156       0x34 build/stm32f4xx_hal_gpio.o
 .ARM.attributes
                0x000000000000018a       0x34 build/stm32f4xx_hal_cortex.o
 .ARM.attributes
                0x00000000000001be       0x34 build/stm32f4xx_hal.o
 .ARM.attributes
                0x00000000000001f2       0x34 build/system_stm32f4xx.o
 .ARM.attributes
                0x0000000000000226       0x34 build/stm32f4xx_hal_timebase_tim.o
 .ARM.attributes
                0x000000000000025a       0x34 build/stm32f4xx_hal_tim.o
 .ARM.attributes
                0x000000000000028e       0x34 build/stm32f4xx_hal_tim_ex.o
 .ARM.attributes
                0x00000000000002c2       0x34 build/list.o
 .ARM.attributes
                0x00000000000002f6       0x34 build/queue.o
 .ARM.attributes
                0x000000000000032a       0x34 build/tasks.o
 .ARM.attributes
                0x000000000000035e       0x34 build/timers.o
 .ARM.attributes
                0x0000000000000392       0x34 build/cmsis_os2.o
 .ARM.attributes
                0x00000000000003c6       0x34 build/heap_4.o
 .ARM.attributes
                0x00000000000003fa       0x34 build/port.o
 .ARM.attributes
                0x000000000000042e       0x34 build/can.o
 .ARM.attributes
                0x0000000000000462       0x21 build/startup_stm32f405xx.o
 .ARM.attributes
                0x0000000000000483       0x34 /usr/lib/gcc/arm-none-eabi/10.3.1/../../../arm-none-eabi/lib/thumb/v7e-m+fp/hard/libc_nano.a(lib_a-init.o)
 .ARM.attributes
                0x00000000000004b7       0x1c /usr/lib/gcc/arm-none-eabi/10.3.1/../../../arm-none-eabi/lib/thumb/v7e-m+fp/hard/libc_nano.a(lib_a-memcpy.o)
 .ARM.attributes
                0x00000000000004d3       0x34 /usr/lib/gcc/arm-none-eabi/10.3.1/../../../arm-none-eabi/lib/thumb/v7e-m+fp/hard/libc_nano.a(lib_a-memset.o)
 .ARM.attributes
                0x0000000000000507       0x34 /usr/lib/gcc/arm-none-eabi/10.3.1/../../../arm-none-eabi/lib/thumb/v7e-m+fp/hard/libm.a(lib_a-sf_sin.o)
 .ARM.attributes
                0x000000000000053b       0x34 /usr/lib/gcc/arm-none-eabi/10.3.1/../../../arm-none-eabi/lib/thumb/v7e-m+fp/hard/libm.a(lib_a-ef_rem_pio2.o)
 .ARM.attributes
                0x000000000000056f       0x34 /usr/lib/gcc/arm-none-eabi/10.3.1/../../../arm-none-eabi/lib/thumb/v7e-m+fp/hard/libm.a(lib_a-kf_cos.o)
 .ARM.attributes
                0x00000000000005a3       0x34 /usr/lib/gcc/arm-none-eabi/10.3.1/../../../arm-none-eabi/lib/thumb/v7e-m+fp/hard/libm.a(lib_a-kf_rem_pio2.o)
 .ARM.attributes
                0x00000000000005d7       0x34 /usr/lib/gcc/arm-none-eabi/10.3.1/../../../arm-none-eabi/lib/thumb/v7e-m+fp/hard/libm.a(lib_a-kf_sin.o)
 .ARM.attributes
                0x000000000000060b       0x34 /usr/lib/gcc/arm-none-eabi/10.3.1/../../../arm-none-eabi/lib/thumb/v7e-m+fp/hard/libm.a(lib_a-sf_fabs.o)
 .ARM.attributes
                0x000000000000063f       0x34 /usr/lib/gcc/arm-none-eabi/10.3.1/../../../arm-none-eabi/lib/thumb/v7e-m+fp/hard/libm.a(lib_a-sf_floor.o)
 .ARM.attributes
                0x0000000000000673       0x34 /usr/lib/gcc/arm-none-eabi/10.3.1/../../../arm-none-eabi/lib/thumb/v7e-m+fp/hard/libm.a(lib_a-sf_scalbn.o)
 .ARM.attributes
                0x00000000000006a7       0x1e /usr/lib/gcc/arm-none-eabi/10.3.1/thumb/v7e-m+fp/hard/libgcc.a(_arm_muldf3.o)
 .ARM.attributes
                0x00000000000006c5       0x1e /usr/lib/gcc/arm-none-eabi/10.3.1/thumb/v7e-m+fp/hard/libgcc.a(_arm_addsubdf3.o)
 .ARM.attributes
                0x00000000000006e3       0x1e /usr/lib/gcc/arm-none-eabi/10.3.1/thumb/v7e-m+fp/hard/libgcc.a(_arm_cmpdf2.o)
 .ARM.attributes
                0x0000000000000701       0x1e /usr/lib/gcc/arm-none-eabi/10.3.1/thumb/v7e-m+fp/hard/libgcc.a(_arm_truncdfsf2.o)
 .ARM.attributes
                0x000000000000071f       0x1e /usr/lib/gcc/arm-none-eabi/10.3.1/thumb/v7e-m+fp/hard/libgcc.a(_aeabi_uldivmod.o)
 .ARM.attributes
                0x000000000000073d       0x34 /usr/lib/gcc/arm-none-eabi/10.3.1/thumb/v7e-m+fp/hard/libgcc.a(_udivmoddi4.o)
 .ARM.attributes
                0x0000000000000771       0x1e /usr/lib/gcc/arm-none-eabi/10.3.1/thumb/v7e-m+fp/hard/libgcc.a(_dvmd_tls.o)
 .ARM.attributes
                0x000000000000078f       0x32 /usr/lib/gcc/arm-none-eabi/10.3.1/thumb/v7e-m+fp/hard/crtend.o
 .ARM.attributes
                0x00000000000007c1       0x1e /usr/lib/gcc/arm-none-eabi/10.3.1/thumb/v7e-m+fp/hard/crtn.o

.comment        0x0000000000000000       0x33
 .comment       0x0000000000000000       0x33 /usr/lib/gcc/arm-none-eabi/10.3.1/thumb/v7e-m+fp/hard/crtbegin.o
                                         0x34 (size before relaxing)
 .comment       0x0000000000000033       0x34 build/main.o
 .comment       0x0000000000000033       0x34 build/stm32f4xx_it.o
 .comment       0x0000000000000033       0x34 build/stm32f4xx_hal_msp.o
 .comment       0x0000000000000033       0x34 build/stm32f4xx_hal_can.o
 .comment       0x0000000000000033       0x34 build/stm32f4xx_hal_rcc.o
 .comment       0x0000000000000033       0x34 build/stm32f4xx_hal_gpio.o
 .comment       0x0000000000000033       0x34 build/stm32f4xx_hal_cortex.o
 .comment       0x0000000000000033       0x34 build/stm32f4xx_hal.o
 .comment       0x0000000000000033       0x34 build/system_stm32f4xx.o
 .comment       0x0000000000000033       0x34 build/stm32f4xx_hal_timebase_tim.o
 .comment       0x0000000000000033       0x34 build/stm32f4xx_hal_tim.o
 .comment       0x0000000000000033       0x34 build/stm32f4xx_hal_tim_ex.o
 .comment       0x0000000000000033       0x34 build/list.o
 .comment       0x0000000000000033       0x34 build/queue.o
 .comment       0x0000000000000033       0x34 build/tasks.o
 .comment       0x0000000000000033       0x34 build/timers.o
 .comment       0x0000000000000033       0x34 build/cmsis_os2.o
 .comment       0x0000000000000033       0x34 build/heap_4.o
 .comment       0x0000000000000033       0x34 build/port.o
 .comment       0x0000000000000033       0x34 build/can.o
 .comment       0x0000000000000033       0x34 /usr/lib/gcc/arm-none-eabi/10.3.1/../../../arm-none-eabi/lib/thumb/v7e-m+fp/hard/libc_nano.a(lib_a-init.o)
 .comment       0x0000000000000033       0x34 /usr/lib/gcc/arm-none-eabi/10.3.1/../../../arm-none-eabi/lib/thumb/v7e-m+fp/hard/libc_nano.a(lib_a-memset.o)
 .comment       0x0000000000000033       0x34 /usr/lib/gcc/arm-none-eabi/10.3.1/../../../arm-none-eabi/lib/thumb/v7e-m+fp/hard/libm.a(lib_a-sf_sin.o)
 .comment       0x0000000000000033       0x34 /usr/lib/gcc/arm-none-eabi/10.3.1/../../../arm-none-eabi/lib/thumb/v7e-m+fp/hard/libm.a(lib_a-ef_rem_pio2.o)
 .comment       0x0000000000000033       0x34 /usr/lib/gcc/arm-none-eabi/10.3.1/../../../arm-none-eabi/lib/thumb/v7e-m+fp/hard/libm.a(lib_a-kf_cos.o)
 .comment       0x0000000000000033       0x34 /usr/lib/gcc/arm-none-eabi/10.3.1/../../../arm-none-eabi/lib/thumb/v7e-m+fp/hard/libm.a(lib_a-kf_rem_pio2.o)
 .comment       0x0000000000000033       0x34 /usr/lib/gcc/arm-none-eabi/10.3.1/../../../arm-none-eabi/lib/thumb/v7e-m+fp/hard/libm.a(lib_a-kf_sin.o)
 .comment       0x0000000000000033       0x34 /usr/lib/gcc/arm-none-eabi/10.3.1/../../../arm-none-eabi/lib/thumb/v7e-m+fp/hard/libm.a(lib_a-sf_fabs.o)
 .comment       0x0000000000000033       0x34 /usr/lib/gcc/arm-none-eabi/10.3.1/../../../arm-none-eabi/lib/thumb/v7e-m+fp/hard/libm.a(lib_a-sf_floor.o)
 .comment       0x0000000000000033       0x34 /usr/lib/gcc/arm-none-eabi/10.3.1/../../../arm-none-eabi/lib/thumb/v7e-m+fp/hard/libm.a(lib_a-sf_scalbn.o)
 .comment       0x0000000000000033       0x34 /usr/lib/gcc/arm-none-eabi/10.3.1/thumb/v7e-m+fp/hard/libgcc.a(_udivmoddi4.o)
 .comment       0x0000000000000033       0x34 /usr/lib/gcc/arm-none-eabi/10.3.1/thumb/v7e-m+fp/hard/crtend.o

.debug_info     0x0000000000000000    0x1eecd
 .debug_info    0x0000000000000000     0x2247 build/main.o
 .debug_info    0x0000000000002247      0xc0d build/stm32f4xx_it.o
 .debug_info    0x0000000000002e54      0x523 build/stm32f4xx_hal_msp.o
 .debug_info    0x0000000000003377     0x13c6 build/stm32f4xx_hal_can.o
 .debug_info    0x000000000000473d      0xbcc build/stm32f4xx_hal_rcc.o
 .debug_info    0x0000000000005309      0x824 build/stm32f4xx_hal_gpio.o
 .debug_info    0x0000000000005b2d     0x1190 build/stm32f4xx_hal_cortex.o
 .debug_info    0x0000000000006cbd      0xab1 build/stm32f4xx_hal.o
 .debug_info    0x000000000000776e      0x59b build/system_stm32f4xx.o
 .debug_info    0x0000000000007d09      0xd52 build/stm32f4xx_hal_timebase_tim.o
 .debug_info    0x0000000000008a5b     0x40b4 build/stm32f4xx_hal_tim.o
 .debug_info    0x000000000000cb0f     0x1c77 build/stm32f4xx_hal_tim_ex.o
 .debug_info    0x000000000000e786      0x303 build/list.o
 .debug_info    0x000000000000ea89     0x2944 build/queue.o
 .debug_info    0x00000000000113cd     0x331b build/tasks.o
 .debug_info    0x00000000000146e8     0x1bbb build/timers.o
 .debug_info    0x00000000000162a3     0x4ddd build/cmsis_os2.o
 .debug_info    0x000000000001b080      0x602 build/heap_4.o
 .debug_info    0x000000000001b682      0x5b0 build/port.o
 .debug_info    0x000000000001bc32     0x1518 build/can.o
 .debug_info    0x000000000001d14a       0x22 build/startup_stm32f405xx.o
 .debug_info    0x000000000001d16c      0x11a /usr/lib/gcc/arm-none-eabi/10.3.1/../../../arm-none-eabi/lib/thumb/v7e-m+fp/hard/libc_nano.a(lib_a-init.o)
 .debug_info    0x000000000001d286       0x26 /usr/lib/gcc/arm-none-eabi/10.3.1/../../../arm-none-eabi/lib/thumb/v7e-m+fp/hard/libc_nano.a(lib_a-memcpy.o)
 .debug_info    0x000000000001d2ac      0x137 /usr/lib/gcc/arm-none-eabi/10.3.1/../../../arm-none-eabi/lib/thumb/v7e-m+fp/hard/libc_nano.a(lib_a-memset.o)
 .debug_info    0x000000000001d3e3      0x1fa /usr/lib/gcc/arm-none-eabi/10.3.1/../../../arm-none-eabi/lib/thumb/v7e-m+fp/hard/libm.a(lib_a-sf_sin.o)
 .debug_info    0x000000000001d5dd      0x3fe /usr/lib/gcc/arm-none-eabi/10.3.1/../../../arm-none-eabi/lib/thumb/v7e-m+fp/hard/libm.a(lib_a-ef_rem_pio2.o)
 .debug_info    0x000000000001d9db      0x22a /usr/lib/gcc/arm-none-eabi/10.3.1/../../../arm-none-eabi/lib/thumb/v7e-m+fp/hard/libm.a(lib_a-kf_cos.o)
 .debug_info    0x000000000001dc05      0x3fd /usr/lib/gcc/arm-none-eabi/10.3.1/../../../arm-none-eabi/lib/thumb/v7e-m+fp/hard/libm.a(lib_a-kf_rem_pio2.o)
 .debug_info    0x000000000001e002      0x1f7 /usr/lib/gcc/arm-none-eabi/10.3.1/../../../arm-none-eabi/lib/thumb/v7e-m+fp/hard/libm.a(lib_a-kf_sin.o)
 .debug_info    0x000000000001e1f9      0x143 /usr/lib/gcc/arm-none-eabi/10.3.1/../../../arm-none-eabi/lib/thumb/v7e-m+fp/hard/libm.a(lib_a-sf_fabs.o)
 .debug_info    0x000000000001e33c      0x195 /usr/lib/gcc/arm-none-eabi/10.3.1/../../../arm-none-eabi/lib/thumb/v7e-m+fp/hard/libm.a(lib_a-sf_floor.o)
 .debug_info    0x000000000001e4d1      0x201 /usr/lib/gcc/arm-none-eabi/10.3.1/../../../arm-none-eabi/lib/thumb/v7e-m+fp/hard/libm.a(lib_a-sf_scalbn.o)
 .debug_info    0x000000000001e6d2       0x26 /usr/lib/gcc/arm-none-eabi/10.3.1/thumb/v7e-m+fp/hard/libgcc.a(_arm_muldf3.o)
 .debug_info    0x000000000001e6f8       0x26 /usr/lib/gcc/arm-none-eabi/10.3.1/thumb/v7e-m+fp/hard/libgcc.a(_arm_addsubdf3.o)
 .debug_info    0x000000000001e71e       0x26 /usr/lib/gcc/arm-none-eabi/10.3.1/thumb/v7e-m+fp/hard/libgcc.a(_arm_cmpdf2.o)
 .debug_info    0x000000000001e744       0x26 /usr/lib/gcc/arm-none-eabi/10.3.1/thumb/v7e-m+fp/hard/libgcc.a(_arm_truncdfsf2.o)
 .debug_info    0x000000000001e76a       0x26 /usr/lib/gcc/arm-none-eabi/10.3.1/thumb/v7e-m+fp/hard/libgcc.a(_aeabi_uldivmod.o)
 .debug_info    0x000000000001e790      0x717 /usr/lib/gcc/arm-none-eabi/10.3.1/thumb/v7e-m+fp/hard/libgcc.a(_udivmoddi4.o)
 .debug_info    0x000000000001eea7       0x26 /usr/lib/gcc/arm-none-eabi/10.3.1/thumb/v7e-m+fp/hard/libgcc.a(_dvmd_tls.o)

.debug_abbrev   0x0000000000000000     0x4084
 .debug_abbrev  0x0000000000000000      0x344 build/main.o
 .debug_abbrev  0x0000000000000344      0x19c build/stm32f4xx_it.o
 .debug_abbrev  0x00000000000004e0      0x11c build/stm32f4xx_hal_msp.o
 .debug_abbrev  0x00000000000005fc      0x28e build/stm32f4xx_hal_can.o
 .debug_abbrev  0x000000000000088a      0x2aa build/stm32f4xx_hal_rcc.o
 .debug_abbrev  0x0000000000000b34      0x22b build/stm32f4xx_hal_gpio.o
 .debug_abbrev  0x0000000000000d5f      0x379 build/stm32f4xx_hal_cortex.o
 .debug_abbrev  0x00000000000010d8      0x209 build/stm32f4xx_hal.o
 .debug_abbrev  0x00000000000012e1      0x11b build/system_stm32f4xx.o
 .debug_abbrev  0x00000000000013fc      0x202 build/stm32f4xx_hal_timebase_tim.o
 .debug_abbrev  0x00000000000015fe      0x289 build/stm32f4xx_hal_tim.o
 .debug_abbrev  0x0000000000001887      0x29f build/stm32f4xx_hal_tim_ex.o
 .debug_abbrev  0x0000000000001b26      0x124 build/list.o
 .debug_abbrev  0x0000000000001c4a      0x3c4 build/queue.o
 .debug_abbrev  0x000000000000200e      0x387 build/tasks.o
 .debug_abbrev  0x0000000000002395      0x366 build/timers.o
 .debug_abbrev  0x00000000000026fb      0x56a build/cmsis_os2.o
 .debug_abbrev  0x0000000000002c65      0x269 build/heap_4.o
 .debug_abbrev  0x0000000000002ece      0x28a build/port.o
 .debug_abbrev  0x0000000000003158      0x2c6 build/can.o
 .debug_abbrev  0x000000000000341e       0x12 build/startup_stm32f405xx.o
 .debug_abbrev  0x0000000000003430       0xcc /usr/lib/gcc/arm-none-eabi/10.3.1/../../../arm-none-eabi/lib/thumb/v7e-m+fp/hard/libc_nano.a(lib_a-init.o)
 .debug_abbrev  0x00000000000034fc       0x14 /usr/lib/gcc/arm-none-eabi/10.3.1/../../../arm-none-eabi/lib/thumb/v7e-m+fp/hard/libc_nano.a(lib_a-memcpy.o)
 .debug_abbrev  0x0000000000003510       0xb4 /usr/lib/gcc/arm-none-eabi/10.3.1/../../../arm-none-eabi/lib/thumb/v7e-m+fp/hard/libc_nano.a(lib_a-memset.o)
 .debug_abbrev  0x00000000000035c4      0x14f /usr/lib/gcc/arm-none-eabi/10.3.1/../../../arm-none-eabi/lib/thumb/v7e-m+fp/hard/libm.a(lib_a-sf_sin.o)
 .debug_abbrev  0x0000000000003713      0x17c /usr/lib/gcc/arm-none-eabi/10.3.1/../../../arm-none-eabi/lib/thumb/v7e-m+fp/hard/libm.a(lib_a-ef_rem_pio2.o)
 .debug_abbrev  0x000000000000388f       0xf9 /usr/lib/gcc/arm-none-eabi/10.3.1/../../../arm-none-eabi/lib/thumb/v7e-m+fp/hard/libm.a(lib_a-kf_cos.o)
 .debug_abbrev  0x0000000000003988      0x153 /usr/lib/gcc/arm-none-eabi/10.3.1/../../../arm-none-eabi/lib/thumb/v7e-m+fp/hard/libm.a(lib_a-kf_rem_pio2.o)
 .debug_abbrev  0x0000000000003adb      0x101 /usr/lib/gcc/arm-none-eabi/10.3.1/../../../arm-none-eabi/lib/thumb/v7e-m+fp/hard/libm.a(lib_a-kf_sin.o)
 .debug_abbrev  0x0000000000003bdc       0xd2 /usr/lib/gcc/arm-none-eabi/10.3.1/../../../arm-none-eabi/lib/thumb/v7e-m+fp/hard/libm.a(lib_a-sf_fabs.o)
 .debug_abbrev  0x0000000000003cae       0xf9 /usr/lib/gcc/arm-none-eabi/10.3.1/../../../arm-none-eabi/lib/thumb/v7e-m+fp/hard/libm.a(lib_a-sf_floor.o)
 .debug_abbrev  0x0000000000003da7      0x102 /usr/lib/gcc/arm-none-eabi/10.3.1/../../../arm-none-eabi/lib/thumb/v7e-m+fp/hard/libm.a(lib_a-sf_scalbn.o)
 .debug_abbrev  0x0000000000003ea9       0x14 /usr/lib/gcc/arm-none-eabi/10.3.1/thumb/v7e-m+fp/hard/libgcc.a(_arm_muldf3.o)
 .debug_abbrev  0x0000000000003ebd       0x14 /usr/lib/gcc/arm-none-eabi/10.3.1/thumb/v7e-m+fp/hard/libgcc.a(_arm_addsubdf3.o)
 .debug_abbrev  0x0000000000003ed1       0x14 /usr/lib/gcc/arm-none-eabi/10.3.1/thumb/v7e-m+fp/hard/libgcc.a(_arm_cmpdf2.o)
 .debug_abbrev  0x0000000000003ee5       0x14 /usr/lib/gcc/arm-none-eabi/10.3.1/thumb/v7e-m+fp/hard/libgcc.a(_arm_truncdfsf2.o)
 .debug_abbrev  0x0000000000003ef9       0x14 /usr/lib/gcc/arm-none-eabi/10.3.1/thumb/v7e-m+fp/hard/libgcc.a(_aeabi_uldivmod.o)
 .debug_abbrev  0x0000000000003f0d      0x163 /usr/lib/gcc/arm-none-eabi/10.3.1/thumb/v7e-m+fp/hard/libgcc.a(_udivmoddi4.o)
 .debug_abbrev  0x0000000000004070       0x14 /usr/lib/gcc/arm-none-eabi/10.3.1/thumb/v7e-m+fp/hard/libgcc.a(_dvmd_tls.o)

.debug_loc      0x0000000000000000    0x1a15b
 .debug_loc     0x0000000000000000      0x1ff build/main.o
 .debug_loc     0x00000000000001ff       0x40 build/stm32f4xx_it.o
 .debug_loc     0x000000000000023f       0x38 build/stm32f4xx_hal_msp.o
 .debug_loc     0x0000000000000277      0xf0c build/stm32f4xx_hal_can.o
 .debug_loc     0x0000000000001183      0x6e4 build/stm32f4xx_hal_rcc.o
 .debug_loc     0x0000000000001867      0x5e8 build/stm32f4xx_hal_gpio.o
 .debug_loc     0x0000000000001e4f      0x7a4 build/stm32f4xx_hal_cortex.o
 .debug_loc     0x00000000000025f3      0x1e1 build/stm32f4xx_hal.o
 .debug_loc     0x00000000000027d4       0xbe build/system_stm32f4xx.o
 .debug_loc     0x0000000000002892       0xe8 build/stm32f4xx_hal_timebase_tim.o
 .debug_loc     0x000000000000297a     0x5bd3 build/stm32f4xx_hal_tim.o
 .debug_loc     0x000000000000854d     0x212a build/stm32f4xx_hal_tim_ex.o
 .debug_loc     0x000000000000a677       0xe5 build/list.o
 .debug_loc     0x000000000000a75c     0x1fe4 build/queue.o
 .debug_loc     0x000000000000c740     0x2c72 build/tasks.o
 .debug_loc     0x000000000000f3b2     0x1586 build/timers.o
 .debug_loc     0x0000000000010938     0x5dbc build/cmsis_os2.o
 .debug_loc     0x00000000000166f4      0x4e4 build/heap_4.o
 .debug_loc     0x0000000000016bd8      0x1c0 build/port.o
 .debug_loc     0x0000000000016d98      0x4db build/can.o
 .debug_loc     0x0000000000017273       0xba /usr/lib/gcc/arm-none-eabi/10.3.1/../../../arm-none-eabi/lib/thumb/v7e-m+fp/hard/libc_nano.a(lib_a-init.o)
 .debug_loc     0x000000000001732d      0x22c /usr/lib/gcc/arm-none-eabi/10.3.1/../../../arm-none-eabi/lib/thumb/v7e-m+fp/hard/libc_nano.a(lib_a-memset.o)
 .debug_loc     0x0000000000017559       0xb6 /usr/lib/gcc/arm-none-eabi/10.3.1/../../../arm-none-eabi/lib/thumb/v7e-m+fp/hard/libm.a(lib_a-sf_sin.o)
 .debug_loc     0x000000000001760f      0x565 /usr/lib/gcc/arm-none-eabi/10.3.1/../../../arm-none-eabi/lib/thumb/v7e-m+fp/hard/libm.a(lib_a-ef_rem_pio2.o)
 .debug_loc     0x0000000000017b74      0x205 /usr/lib/gcc/arm-none-eabi/10.3.1/../../../arm-none-eabi/lib/thumb/v7e-m+fp/hard/libm.a(lib_a-kf_cos.o)
 .debug_loc     0x0000000000017d79      0xc28 /usr/lib/gcc/arm-none-eabi/10.3.1/../../../arm-none-eabi/lib/thumb/v7e-m+fp/hard/libm.a(lib_a-kf_rem_pio2.o)
 .debug_loc     0x00000000000189a1      0x12f /usr/lib/gcc/arm-none-eabi/10.3.1/../../../arm-none-eabi/lib/thumb/v7e-m+fp/hard/libm.a(lib_a-kf_sin.o)
 .debug_loc     0x0000000000018ad0       0x7c /usr/lib/gcc/arm-none-eabi/10.3.1/../../../arm-none-eabi/lib/thumb/v7e-m+fp/hard/libm.a(lib_a-sf_fabs.o)
 .debug_loc     0x0000000000018b4c      0x250 /usr/lib/gcc/arm-none-eabi/10.3.1/../../../arm-none-eabi/lib/thumb/v7e-m+fp/hard/libm.a(lib_a-sf_floor.o)
 .debug_loc     0x0000000000018d9c      0x3b0 /usr/lib/gcc/arm-none-eabi/10.3.1/../../../arm-none-eabi/lib/thumb/v7e-m+fp/hard/libm.a(lib_a-sf_scalbn.o)
 .debug_loc     0x000000000001914c     0x100f /usr/lib/gcc/arm-none-eabi/10.3.1/thumb/v7e-m+fp/hard/libgcc.a(_udivmoddi4.o)

.debug_aranges  0x0000000000000000     0x1518
 .debug_aranges
                0x0000000000000000       0x60 build/main.o
 .debug_aranges
                0x0000000000000060       0x58 build/stm32f4xx_it.o
 .debug_aranges
                0x00000000000000b8       0x20 build/stm32f4xx_hal_msp.o
 .debug_aranges
                0x00000000000000d8      0x138 build/stm32f4xx_hal_can.o
 .debug_aranges
                0x0000000000000210       0x88 build/stm32f4xx_hal_rcc.o
 .debug_aranges
                0x0000000000000298       0x58 build/stm32f4xx_hal_gpio.o
 .debug_aranges
                0x00000000000002f0       0xc0 build/stm32f4xx_hal_cortex.o
 .debug_aranges
                0x00000000000003b0       0xf0 build/stm32f4xx_hal.o
 .debug_aranges
                0x00000000000004a0       0x28 build/system_stm32f4xx.o
 .debug_aranges
                0x00000000000004c8       0x30 build/stm32f4xx_hal_timebase_tim.o
 .debug_aranges
                0x00000000000004f8      0x3d0 build/stm32f4xx_hal_tim.o
 .debug_aranges
                0x00000000000008c8      0x168 build/stm32f4xx_hal_tim_ex.o
 .debug_aranges
                0x0000000000000a30       0x40 build/list.o
 .debug_aranges
                0x0000000000000a70      0x158 build/queue.o
 .debug_aranges
                0x0000000000000bc8      0x208 build/tasks.o
 .debug_aranges
                0x0000000000000dd0       0xf0 build/timers.o
 .debug_aranges
                0x0000000000000ec0      0x2a0 build/cmsis_os2.o
 .debug_aranges
                0x0000000000001160       0x58 build/heap_4.o
 .debug_aranges
                0x00000000000011b8       0x80 build/port.o
 .debug_aranges
                0x0000000000001238       0x78 build/can.o
 .debug_aranges
                0x00000000000012b0       0x28 build/startup_stm32f405xx.o
 .debug_aranges
                0x00000000000012d8       0x20 /usr/lib/gcc/arm-none-eabi/10.3.1/../../../arm-none-eabi/lib/thumb/v7e-m+fp/hard/libc_nano.a(lib_a-init.o)
 .debug_aranges
                0x00000000000012f8       0x20 /usr/lib/gcc/arm-none-eabi/10.3.1/../../../arm-none-eabi/lib/thumb/v7e-m+fp/hard/libc_nano.a(lib_a-memcpy.o)
 .debug_aranges
                0x0000000000001318       0x20 /usr/lib/gcc/arm-none-eabi/10.3.1/../../../arm-none-eabi/lib/thumb/v7e-m+fp/hard/libc_nano.a(lib_a-memset.o)
 .debug_aranges
                0x0000000000001338       0x20 /usr/lib/gcc/arm-none-eabi/10.3.1/../../../arm-none-eabi/lib/thumb/v7e-m+fp/hard/libm.a(lib_a-sf_sin.o)
 .debug_aranges
                0x0000000000001358       0x20 /usr/lib/gcc/arm-none-eabi/10.3.1/../../../arm-none-eabi/lib/thumb/v7e-m+fp/hard/libm.a(lib_a-ef_rem_pio2.o)
 .debug_aranges
                0x0000000000001378       0x20 /usr/lib/gcc/arm-none-eabi/10.3.1/../../../arm-none-eabi/lib/thumb/v7e-m+fp/hard/libm.a(lib_a-kf_cos.o)
 .debug_aranges
                0x0000000000001398       0x20 /usr/lib/gcc/arm-none-eabi/10.3.1/../../../arm-none-eabi/lib/thumb/v7e-m+fp/hard/libm.a(lib_a-kf_rem_pio2.o)
 .debug_aranges
                0x00000000000013b8       0x20 /usr/lib/gcc/arm-none-eabi/10.3.1/../../../arm-none-eabi/lib/thumb/v7e-m+fp/hard/libm.a(lib_a-kf_sin.o)
 .debug_aranges
                0x00000000000013d8       0x20 /usr/lib/gcc/arm-none-eabi/10.3.1/../../../arm-none-eabi/lib/thumb/v7e-m+fp/hard/libm.a(lib_a-sf_fabs.o)
 .debug_aranges
                0x00000000000013f8       0x20 /usr/lib/gcc/arm-none-eabi/10.3.1/../../../arm-none-eabi/lib/thumb/v7e-m+fp/hard/libm.a(lib_a-sf_floor.o)
 .debug_aranges
                0x0000000000001418       0x20 /usr/lib/gcc/arm-none-eabi/10.3.1/../../../arm-none-eabi/lib/thumb/v7e-m+fp/hard/libm.a(lib_a-sf_scalbn.o)
 .debug_aranges
                0x0000000000001438       0x20 /usr/lib/gcc/arm-none-eabi/10.3.1/thumb/v7e-m+fp/hard/libgcc.a(_arm_muldf3.o)
 .debug_aranges
                0x0000000000001458       0x20 /usr/lib/gcc/arm-none-eabi/10.3.1/thumb/v7e-m+fp/hard/libgcc.a(_arm_addsubdf3.o)
 .debug_aranges
                0x0000000000001478       0x20 /usr/lib/gcc/arm-none-eabi/10.3.1/thumb/v7e-m+fp/hard/libgcc.a(_arm_cmpdf2.o)
 .debug_aranges
                0x0000000000001498       0x20 /usr/lib/gcc/arm-none-eabi/10.3.1/thumb/v7e-m+fp/hard/libgcc.a(_arm_truncdfsf2.o)
 .debug_aranges
                0x00000000000014b8       0x20 /usr/lib/gcc/arm-none-eabi/10.3.1/thumb/v7e-m+fp/hard/libgcc.a(_aeabi_uldivmod.o)
 .debug_aranges
                0x00000000000014d8       0x20 /usr/lib/gcc/arm-none-eabi/10.3.1/thumb/v7e-m+fp/hard/libgcc.a(_udivmoddi4.o)
 .debug_aranges
                0x00000000000014f8       0x20 /usr/lib/gcc/arm-none-eabi/10.3.1/thumb/v7e-m+fp/hard/libgcc.a(_dvmd_tls.o)

.debug_ranges   0x0000000000000000     0x15f0
 .debug_ranges  0x0000000000000000       0x50 build/main.o
 .debug_ranges  0x0000000000000050       0x48 build/stm32f4xx_it.o
 .debug_ranges  0x0000000000000098       0x10 build/stm32f4xx_hal_msp.o
 .debug_ranges  0x00000000000000a8      0x140 build/stm32f4xx_hal_can.o
 .debug_ranges  0x00000000000001e8       0x90 build/stm32f4xx_hal_rcc.o
 .debug_ranges  0x0000000000000278       0x48 build/stm32f4xx_hal_gpio.o
 .debug_ranges  0x00000000000002c0      0x110 build/stm32f4xx_hal_cortex.o
 .debug_ranges  0x00000000000003d0       0xe0 build/stm32f4xx_hal.o
 .debug_ranges  0x00000000000004b0       0x18 build/system_stm32f4xx.o
 .debug_ranges  0x00000000000004c8       0x20 build/stm32f4xx_hal_timebase_tim.o
 .debug_ranges  0x00000000000004e8      0x3c0 build/stm32f4xx_hal_tim.o
 .debug_ranges  0x00000000000008a8      0x158 build/stm32f4xx_hal_tim_ex.o
 .debug_ranges  0x0000000000000a00       0x30 build/list.o
 .debug_ranges  0x0000000000000a30      0x218 build/queue.o
 .debug_ranges  0x0000000000000c48      0x338 build/tasks.o
 .debug_ranges  0x0000000000000f80       0xe0 build/timers.o
 .debug_ranges  0x0000000000001060      0x2a8 build/cmsis_os2.o
 .debug_ranges  0x0000000000001308       0x48 build/heap_4.o
 .debug_ranges  0x0000000000001350       0x88 build/port.o
 .debug_ranges  0x00000000000013d8       0x68 build/can.o
 .debug_ranges  0x0000000000001440       0x20 build/startup_stm32f405xx.o
 .debug_ranges  0x0000000000001460       0x18 /usr/lib/gcc/arm-none-eabi/10.3.1/../../../arm-none-eabi/lib/thumb/v7e-m+fp/hard/libm.a(lib_a-sf_sin.o)
 .debug_ranges  0x0000000000001478       0x38 /usr/lib/gcc/arm-none-eabi/10.3.1/../../../arm-none-eabi/lib/thumb/v7e-m+fp/hard/libm.a(lib_a-ef_rem_pio2.o)
 .debug_ranges  0x00000000000014b0       0x10 /usr/lib/gcc/arm-none-eabi/10.3.1/../../../arm-none-eabi/lib/thumb/v7e-m+fp/hard/libm.a(lib_a-sf_fabs.o)
 .debug_ranges  0x00000000000014c0       0x48 /usr/lib/gcc/arm-none-eabi/10.3.1/../../../arm-none-eabi/lib/thumb/v7e-m+fp/hard/libm.a(lib_a-sf_scalbn.o)
 .debug_ranges  0x0000000000001508       0xe8 /usr/lib/gcc/arm-none-eabi/10.3.1/thumb/v7e-m+fp/hard/libgcc.a(_udivmoddi4.o)

.debug_line     0x0000000000000000    0x16184
 .debug_line    0x0000000000000000      0x57a build/main.o
 .debug_line    0x000000000000057a      0x235 build/stm32f4xx_it.o
 .debug_line    0x00000000000007af      0x10d build/stm32f4xx_hal_msp.o
 .debug_line    0x00000000000008bc     0x1075 build/stm32f4xx_hal_can.o
 .debug_line    0x0000000000001931      0xabf build/stm32f4xx_hal_rcc.o
 .debug_line    0x00000000000023f0      0x658 build/stm32f4xx_hal_gpio.o
 .debug_line    0x0000000000002a48      0x723 build/stm32f4xx_hal_cortex.o
 .debug_line    0x000000000000316b      0x4dc build/stm32f4xx_hal.o
 .debug_line    0x0000000000003647      0x1c7 build/system_stm32f4xx.o
 .debug_line    0x000000000000380e      0x245 build/stm32f4xx_hal_timebase_tim.o
 .debug_line    0x0000000000003a53     0x4a41 build/stm32f4xx_hal_tim.o
 .debug_line    0x0000000000008494     0x1c27 build/stm32f4xx_hal_tim_ex.o
 .debug_line    0x000000000000a0bb      0x2d0 build/list.o
 .debug_line    0x000000000000a38b     0x1f69 build/queue.o
 .debug_line    0x000000000000c2f4     0x2c84 build/tasks.o
 .debug_line    0x000000000000ef78      0xe3f build/timers.o
 .debug_line    0x000000000000fdb7     0x296c build/cmsis_os2.o
 .debug_line    0x0000000000012723      0x651 build/heap_4.o
 .debug_line    0x0000000000012d74      0x681 build/port.o
 .debug_line    0x00000000000133f5      0x530 build/can.o
 .debug_line    0x0000000000013925       0x76 build/startup_stm32f405xx.o
 .debug_line    0x000000000001399b      0x138 /usr/lib/gcc/arm-none-eabi/10.3.1/../../../arm-none-eabi/lib/thumb/v7e-m+fp/hard/libc_nano.a(lib_a-init.o)
 .debug_line    0x0000000000013ad3       0xbe /usr/lib/gcc/arm-none-eabi/10.3.1/../../../arm-none-eabi/lib/thumb/v7e-m+fp/hard/libc_nano.a(lib_a-memcpy.o)
 .debug_line    0x0000000000013b91      0x1bf /usr/lib/gcc/arm-none-eabi/10.3.1/../../../arm-none-eabi/lib/thumb/v7e-m+fp/hard/libc_nano.a(lib_a-memset.o)
 .debug_line    0x0000000000013d50      0x1d4 /usr/lib/gcc/arm-none-eabi/10.3.1/../../../arm-none-eabi/lib/thumb/v7e-m+fp/hard/libm.a(lib_a-sf_sin.o)
 .debug_line    0x0000000000013f24      0x47f /usr/lib/gcc/arm-none-eabi/10.3.1/../../../arm-none-eabi/lib/thumb/v7e-m+fp/hard/libm.a(lib_a-ef_rem_pio2.o)
 .debug_line    0x00000000000143a3      0x1df /usr/lib/gcc/arm-none-eabi/10.3.1/../../../arm-none-eabi/lib/thumb/v7e-m+fp/hard/libm.a(lib_a-kf_cos.o)
 .debug_line    0x0000000000014582      0xa9e /usr/lib/gcc/arm-none-eabi/10.3.1/../../../arm-none-eabi/lib/thumb/v7e-m+fp/hard/libm.a(lib_a-kf_rem_pio2.o)
 .debug_line    0x0000000000015020      0x17e /usr/lib/gcc/arm-none-eabi/10.3.1/../../../arm-none-eabi/lib/thumb/v7e-m+fp/hard/libm.a(lib_a-kf_sin.o)
 .debug_line    0x000000000001519e      0x152 /usr/lib/gcc/arm-none-eabi/10.3.1/../../../arm-none-eabi/lib/thumb/v7e-m+fp/hard/libm.a(lib_a-sf_fabs.o)
 .debug_line    0x00000000000152f0      0x21d /usr/lib/gcc/arm-none-eabi/10.3.1/../../../arm-none-eabi/lib/thumb/v7e-m+fp/hard/libm.a(lib_a-sf_floor.o)
 .debug_line    0x000000000001550d      0x22d /usr/lib/gcc/arm-none-eabi/10.3.1/../../../arm-none-eabi/lib/thumb/v7e-m+fp/hard/libm.a(lib_a-sf_scalbn.o)
 .debug_line    0x000000000001573a      0x10c /usr/lib/gcc/arm-none-eabi/10.3.1/thumb/v7e-m+fp/hard/libgcc.a(_arm_muldf3.o)
 .debug_line    0x0000000000015846      0x186 /usr/lib/gcc/arm-none-eabi/10.3.1/thumb/v7e-m+fp/hard/libgcc.a(_arm_addsubdf3.o)
 .debug_line    0x00000000000159cc       0xbd /usr/lib/gcc/arm-none-eabi/10.3.1/thumb/v7e-m+fp/hard/libgcc.a(_arm_cmpdf2.o)
 .debug_line    0x0000000000015a89       0x8d /usr/lib/gcc/arm-none-eabi/10.3.1/thumb/v7e-m+fp/hard/libgcc.a(_arm_truncdfsf2.o)
 .debug_line    0x0000000000015b16       0x60 /usr/lib/gcc/arm-none-eabi/10.3.1/thumb/v7e-m+fp/hard/libgcc.a(_aeabi_uldivmod.o)
 .debug_line    0x0000000000015b76      0x5ae /usr/lib/gcc/arm-none-eabi/10.3.1/thumb/v7e-m+fp/hard/libgcc.a(_udivmoddi4.o)
 .debug_line    0x0000000000016124       0x60 /usr/lib/gcc/arm-none-eabi/10.3.1/thumb/v7e-m+fp/hard/libgcc.a(_dvmd_tls.o)

.debug_str      0x0000000000000000     0x7ae0
 .debug_str     0x0000000000000000     0x1369 build/main.o
                                       0x147a (size before relaxing)
 .debug_str     0x0000000000001369       0xd7 build/stm32f4xx_it.o
                                        0x9cc (size before relaxing)
 .debug_str     0x0000000000001440      0x50b build/stm32f4xx_hal_msp.o
                                        0x783 (size before relaxing)
 .debug_str     0x000000000000194b      0x425 build/stm32f4xx_hal_can.o
                                        0xa11 (size before relaxing)
 .debug_str     0x0000000000001d70      0x296 build/stm32f4xx_hal_rcc.o
                                        0x6cc (size before relaxing)
 .debug_str     0x0000000000002006      0x163 build/stm32f4xx_hal_gpio.o
                                        0x4b1 (size before relaxing)
 .debug_str     0x0000000000002169      0x527 build/stm32f4xx_hal_cortex.o
                                        0xc26 (size before relaxing)
 .debug_str     0x0000000000002690      0x29f build/stm32f4xx_hal.o
                                        0xb1f (size before relaxing)
 .debug_str     0x000000000000292f       0x47 build/system_stm32f4xx.o
                                        0x351 (size before relaxing)
 .debug_str     0x0000000000002976       0x74 build/stm32f4xx_hal_timebase_tim.o
                                        0xe18 (size before relaxing)
 .debug_str     0x00000000000029ea      0xee1 build/stm32f4xx_hal_tim.o
                                       0x16a4 (size before relaxing)
 .debug_str     0x00000000000038cb      0x591 build/stm32f4xx_hal_tim_ex.o
                                        0xe95 (size before relaxing)
 .debug_str     0x0000000000003e5c      0x14d build/list.o
                                        0x2e8 (size before relaxing)
 .debug_str     0x0000000000003fa9      0xa21 build/queue.o
                                        0xceb (size before relaxing)
 .debug_str     0x00000000000049ca      0xc95 build/tasks.o
                                       0x12b8 (size before relaxing)
 .debug_str     0x000000000000565f      0x5cf build/timers.o
                                        0xc24 (size before relaxing)
 .debug_str     0x0000000000005c2e      0xc3c build/cmsis_os2.o
                                       0x20fb (size before relaxing)
 .debug_str     0x000000000000686a      0x2bf build/heap_4.o
                                        0x4ec (size before relaxing)
 .debug_str     0x0000000000006b29      0x17d build/port.o
                                        0x45e (size before relaxing)
 .debug_str     0x0000000000006ca6       0xa0 build/can.o
                                        0xdb7 (size before relaxing)
 .debug_str     0x0000000000006d46       0x22 build/startup_stm32f405xx.o
                                         0x59 (size before relaxing)
 .debug_str     0x0000000000006d68      0x163 /usr/lib/gcc/arm-none-eabi/10.3.1/../../../arm-none-eabi/lib/thumb/v7e-m+fp/hard/libc_nano.a(lib_a-init.o)
                                        0x20b (size before relaxing)
 .debug_str     0x0000000000006ecb       0xb6 /usr/lib/gcc/arm-none-eabi/10.3.1/../../../arm-none-eabi/lib/thumb/v7e-m+fp/hard/libc_nano.a(lib_a-memcpy.o)
 .debug_str     0x0000000000006f81       0xaa /usr/lib/gcc/arm-none-eabi/10.3.1/../../../arm-none-eabi/lib/thumb/v7e-m+fp/hard/libc_nano.a(lib_a-memset.o)
                                        0x1c0 (size before relaxing)
 .debug_str     0x000000000000702b       0xf2 /usr/lib/gcc/arm-none-eabi/10.3.1/../../../arm-none-eabi/lib/thumb/v7e-m+fp/hard/libm.a(lib_a-sf_sin.o)
                                        0x212 (size before relaxing)
 .debug_str     0x000000000000711d       0xb3 /usr/lib/gcc/arm-none-eabi/10.3.1/../../../arm-none-eabi/lib/thumb/v7e-m+fp/hard/libm.a(lib_a-ef_rem_pio2.o)
                                        0x272 (size before relaxing)
 .debug_str     0x00000000000071d0       0x32 /usr/lib/gcc/arm-none-eabi/10.3.1/../../../arm-none-eabi/lib/thumb/v7e-m+fp/hard/libm.a(lib_a-kf_cos.o)
                                        0x1f0 (size before relaxing)
 .debug_str     0x0000000000007202       0x74 /usr/lib/gcc/arm-none-eabi/10.3.1/../../../arm-none-eabi/lib/thumb/v7e-m+fp/hard/libm.a(lib_a-kf_rem_pio2.o)
                                        0x20b (size before relaxing)
 .debug_str     0x0000000000007276       0x32 /usr/lib/gcc/arm-none-eabi/10.3.1/../../../arm-none-eabi/lib/thumb/v7e-m+fp/hard/libm.a(lib_a-kf_sin.o)
                                        0x1f0 (size before relaxing)
 .debug_str     0x00000000000072a8       0x33 /usr/lib/gcc/arm-none-eabi/10.3.1/../../../arm-none-eabi/lib/thumb/v7e-m+fp/hard/libm.a(lib_a-sf_fabs.o)
                                        0x1df (size before relaxing)
 .debug_str     0x00000000000072db       0xa5 /usr/lib/gcc/arm-none-eabi/10.3.1/../../../arm-none-eabi/lib/thumb/v7e-m+fp/hard/libm.a(lib_a-sf_floor.o)
                                        0x201 (size before relaxing)
 .debug_str     0x0000000000007380      0x126 /usr/lib/gcc/arm-none-eabi/10.3.1/../../../arm-none-eabi/lib/thumb/v7e-m+fp/hard/libm.a(lib_a-sf_scalbn.o)
                                        0x215 (size before relaxing)
 .debug_str     0x00000000000074a6       0x9f /usr/lib/gcc/arm-none-eabi/10.3.1/thumb/v7e-m+fp/hard/libgcc.a(_arm_muldf3.o)
                                         0xab (size before relaxing)
 .debug_str     0x0000000000007545       0xab /usr/lib/gcc/arm-none-eabi/10.3.1/thumb/v7e-m+fp/hard/libgcc.a(_arm_addsubdf3.o)
 .debug_str     0x0000000000007545       0xab /usr/lib/gcc/arm-none-eabi/10.3.1/thumb/v7e-m+fp/hard/libgcc.a(_arm_cmpdf2.o)
 .debug_str     0x0000000000007545       0xab /usr/lib/gcc/arm-none-eabi/10.3.1/thumb/v7e-m+fp/hard/libgcc.a(_arm_truncdfsf2.o)
 .debug_str     0x0000000000007545       0x2c /usr/lib/gcc/arm-none-eabi/10.3.1/thumb/v7e-m+fp/hard/libgcc.a(_aeabi_uldivmod.o)
                                         0xa6 (size before relaxing)
 .debug_str     0x0000000000007571      0x53f /usr/lib/gcc/arm-none-eabi/10.3.1/thumb/v7e-m+fp/hard/libgcc.a(_udivmoddi4.o)
                                        0x647 (size before relaxing)
 .debug_str     0x0000000000007ab0       0x30 /usr/lib/gcc/arm-none-eabi/10.3.1/thumb/v7e-m+fp/hard/libgcc.a(_dvmd_tls.o)
                                         0xaa (size before relaxing)

.debug_frame    0x0000000000000000     0x3870
 .debug_frame   0x0000000000000000       0xf0 build/main.o
 .debug_frame   0x00000000000000f0       0xa0 build/stm32f4xx_it.o
 .debug_frame   0x0000000000000190       0x2c build/stm32f4xx_hal_msp.o
 .debug_frame   0x00000000000001bc      0x2d8 build/stm32f4xx_hal_can.o
 .debug_frame   0x0000000000000494      0x16c build/stm32f4xx_hal_rcc.o
 .debug_frame   0x0000000000000600       0xd8 build/stm32f4xx_hal_gpio.o
 .debug_frame   0x00000000000006d8      0x178 build/stm32f4xx_hal_cortex.o
 .debug_frame   0x0000000000000850      0x1ec build/stm32f4xx_hal.o
 .debug_frame   0x0000000000000a3c       0x30 build/system_stm32f4xx.o
 .debug_frame   0x0000000000000a6c       0x54 build/stm32f4xx_hal_timebase_tim.o
 .debug_frame   0x0000000000000ac0      0xb10 build/stm32f4xx_hal_tim.o
 .debug_frame   0x00000000000015d0      0x40c build/stm32f4xx_hal_tim_ex.o
 .debug_frame   0x00000000000019dc       0x70 build/list.o
 .debug_frame   0x0000000000001a4c      0x458 build/queue.o
 .debug_frame   0x0000000000001ea4      0x688 build/tasks.o
 .debug_frame   0x000000000000252c      0x30c build/timers.o
 .debug_frame   0x0000000000002838      0x900 build/cmsis_os2.o
 .debug_frame   0x0000000000003138       0xd0 build/heap_4.o
 .debug_frame   0x0000000000003208      0x110 build/port.o
 .debug_frame   0x0000000000003318      0x154 build/can.o
 .debug_frame   0x000000000000346c       0x2c /usr/lib/gcc/arm-none-eabi/10.3.1/../../../arm-none-eabi/lib/thumb/v7e-m+fp/hard/libc_nano.a(lib_a-init.o)
 .debug_frame   0x0000000000003498       0x2c /usr/lib/gcc/arm-none-eabi/10.3.1/../../../arm-none-eabi/lib/thumb/v7e-m+fp/hard/libc_nano.a(lib_a-memset.o)
 .debug_frame   0x00000000000034c4       0x34 /usr/lib/gcc/arm-none-eabi/10.3.1/../../../arm-none-eabi/lib/thumb/v7e-m+fp/hard/libm.a(lib_a-sf_sin.o)
 .debug_frame   0x00000000000034f8       0x3c /usr/lib/gcc/arm-none-eabi/10.3.1/../../../arm-none-eabi/lib/thumb/v7e-m+fp/hard/libm.a(lib_a-ef_rem_pio2.o)
 .debug_frame   0x0000000000003534       0x20 /usr/lib/gcc/arm-none-eabi/10.3.1/../../../arm-none-eabi/lib/thumb/v7e-m+fp/hard/libm.a(lib_a-kf_cos.o)
 .debug_frame   0x0000000000003554       0x5c /usr/lib/gcc/arm-none-eabi/10.3.1/../../../arm-none-eabi/lib/thumb/v7e-m+fp/hard/libm.a(lib_a-kf_rem_pio2.o)
 .debug_frame   0x00000000000035b0       0x20 /usr/lib/gcc/arm-none-eabi/10.3.1/../../../arm-none-eabi/lib/thumb/v7e-m+fp/hard/libm.a(lib_a-kf_sin.o)
 .debug_frame   0x00000000000035d0       0x20 /usr/lib/gcc/arm-none-eabi/10.3.1/../../../arm-none-eabi/lib/thumb/v7e-m+fp/hard/libm.a(lib_a-sf_fabs.o)
 .debug_frame   0x00000000000035f0       0x20 /usr/lib/gcc/arm-none-eabi/10.3.1/../../../arm-none-eabi/lib/thumb/v7e-m+fp/hard/libm.a(lib_a-sf_floor.o)
 .debug_frame   0x0000000000003610       0x3c /usr/lib/gcc/arm-none-eabi/10.3.1/../../../arm-none-eabi/lib/thumb/v7e-m+fp/hard/libm.a(lib_a-sf_scalbn.o)
 .debug_frame   0x000000000000364c       0x30 /usr/lib/gcc/arm-none-eabi/10.3.1/thumb/v7e-m+fp/hard/libgcc.a(_arm_muldf3.o)
 .debug_frame   0x000000000000367c       0xac /usr/lib/gcc/arm-none-eabi/10.3.1/thumb/v7e-m+fp/hard/libgcc.a(_arm_addsubdf3.o)
 .debug_frame   0x0000000000003728       0xc4 /usr/lib/gcc/arm-none-eabi/10.3.1/thumb/v7e-m+fp/hard/libgcc.a(_arm_cmpdf2.o)
 .debug_frame   0x00000000000037ec       0x24 /usr/lib/gcc/arm-none-eabi/10.3.1/thumb/v7e-m+fp/hard/libgcc.a(_arm_truncdfsf2.o)
 .debug_frame   0x0000000000003810       0x2c /usr/lib/gcc/arm-none-eabi/10.3.1/thumb/v7e-m+fp/hard/libgcc.a(_aeabi_uldivmod.o)
 .debug_frame   0x000000000000383c       0x34 /usr/lib/gcc/arm-none-eabi/10.3.1/thumb/v7e-m+fp/hard/libgcc.a(_udivmoddi4.o)

Cross Reference Table

Symbol                                            File
ADC_IRQHandler                                    build/startup_stm32f405xx.o
AHBPrescTable                                     build/system_stm32f4xx.o
                                                  build/stm32f4xx_hal_rcc.o
APBPrescTable                                     build/system_stm32f4xx.o
                                                  build/stm32f4xx_hal_rcc.o
BusFault_Handler                                  build/stm32f4xx_it.o
CAN1_RX0_IRQHandler                               build/startup_stm32f405xx.o
CAN1_RX1_IRQHandler                               build/startup_stm32f405xx.o
CAN1_SCE_IRQHandler                               build/startup_stm32f405xx.o
CAN1_TX_IRQHandler                                build/startup_stm32f405xx.o
CAN2_RX0_IRQHandler                               build/stm32f4xx_it.o
CAN2_RX1_IRQHandler                               build/startup_stm32f405xx.o
CAN2_SCE_IRQHandler                               build/startup_stm32f405xx.o
CAN2_TX_IRQHandler                                build/startup_stm32f405xx.o
DMA1_Stream0_IRQHandler                           build/startup_stm32f405xx.o
DMA1_Stream1_IRQHandler                           build/startup_stm32f405xx.o
DMA1_Stream2_IRQHandler                           build/startup_stm32f405xx.o
DMA1_Stream3_IRQHandler                           build/startup_stm32f405xx.o
DMA1_Stream4_IRQHandler                           build/startup_stm32f405xx.o
DMA1_Stream5_IRQHandler                           build/startup_stm32f405xx.o
DMA1_Stream6_IRQHandler                           build/startup_stm32f405xx.o
DMA1_Stream7_IRQHandler                           build/startup_stm32f405xx.o
DMA2_Stream0_IRQHandler                           build/startup_stm32f405xx.o
DMA2_Stream1_IRQHandler                           build/startup_stm32f405xx.o
DMA2_Stream2_IRQHandler                           build/startup_stm32f405xx.o
DMA2_Stream3_IRQHandler                           build/startup_stm32f405xx.o
DMA2_Stream4_IRQHandler                           build/startup_stm32f405xx.o
DMA2_Stream5_IRQHandler                           build/startup_stm32f405xx.o
DMA2_Stream6_IRQHandler                           build/startup_stm32f405xx.o
DMA2_Stream7_IRQHandler                           build/startup_stm32f405xx.o
DataCmdJoint                                      build/can.o
                                                  build/main.o